Component: ARM Compiler 5.06 update 6 (build 750) Tool: armlink [4d35ed]

==============================================================================

Section Cross References

    startup_stm32f103xb.o(STACK) refers (Special) to heapauxi.o(.text) for __use_two_region_memory
    startup_stm32f103xb.o(HEAP) refers (Special) to heapauxi.o(.text) for __use_two_region_memory
    startup_stm32f103xb.o(RESET) refers (Special) to heapauxi.o(.text) for __use_two_region_memory
    startup_stm32f103xb.o(RESET) refers to startup_stm32f103xb.o(STACK) for __initial_sp
    startup_stm32f103xb.o(RESET) refers to startup_stm32f103xb.o(.text) for Reset_Handler
    startup_stm32f103xb.o(RESET) refers to stm32f1xx_it.o(i.NMI_Handler) for NMI_Handler
    startup_stm32f103xb.o(RESET) refers to stm32f1xx_it.o(i.HardFault_Handler) for HardFault_Handler
    startup_stm32f103xb.o(RESET) refers to stm32f1xx_it.o(i.MemManage_Handler) for MemManage_Handler
    startup_stm32f103xb.o(RESET) refers to stm32f1xx_it.o(i.BusFault_Handler) for BusFault_Handler
    startup_stm32f103xb.o(RESET) refers to stm32f1xx_it.o(i.UsageFault_Handler) for UsageFault_Handler
    startup_stm32f103xb.o(RESET) refers to stm32f1xx_it.o(i.SVC_Handler) for SVC_Handler
    startup_stm32f103xb.o(RESET) refers to stm32f1xx_it.o(i.DebugMon_Handler) for DebugMon_Handler
    startup_stm32f103xb.o(RESET) refers to stm32f1xx_it.o(i.PendSV_Handler) for PendSV_Handler
    startup_stm32f103xb.o(RESET) refers to stm32f1xx_it.o(i.SysTick_Handler) for SysTick_Handler
    startup_stm32f103xb.o(RESET) refers to stm32f1xx_it.o(i.DMA1_Channel4_IRQHandler) for DMA1_Channel4_IRQHandler
    startup_stm32f103xb.o(RESET) refers to stm32f1xx_it.o(i.USB_LP_CAN1_RX0_IRQHandler) for USB_LP_CAN1_RX0_IRQHandler
    startup_stm32f103xb.o(RESET) refers to stm32f1xx_it.o(i.TIM4_IRQHandler) for TIM4_IRQHandler
    startup_stm32f103xb.o(RESET) refers to stm32f1xx_it.o(i.USART1_IRQHandler) for USART1_IRQHandler
    startup_stm32f103xb.o(.text) refers (Special) to heapauxi.o(.text) for __use_two_region_memory
    startup_stm32f103xb.o(.text) refers to system_stm32f1xx.o(i.SystemInit) for SystemInit
    startup_stm32f103xb.o(.text) refers to __main.o(!!!main) for __main
    startup_stm32f103xb.o(.text) refers to startup_stm32f103xb.o(HEAP) for Heap_Mem
    startup_stm32f103xb.o(.text) refers to startup_stm32f103xb.o(STACK) for Stack_Mem
    main.o(i.SystemClock_Config) refers to rt_memclr_w.o(.text) for __aeabi_memclr4
    main.o(i.SystemClock_Config) refers to stm32f1xx_hal_rcc.o(i.HAL_RCC_OscConfig) for HAL_RCC_OscConfig
    main.o(i.SystemClock_Config) refers to stm32f1xx_hal_rcc.o(i.HAL_RCC_ClockConfig) for HAL_RCC_ClockConfig
    main.o(i.main) refers to stm32f1xx_hal.o(i.HAL_Init) for HAL_Init
    main.o(i.main) refers to main.o(i.SystemClock_Config) for SystemClock_Config
    main.o(i.main) refers to gpio.o(i.MX_GPIO_Init) for MX_GPIO_Init
    main.o(i.main) refers to dma.o(i.MX_DMA_Init) for MX_DMA_Init
    main.o(i.main) refers to tim.o(i.MX_TIM4_Init) for MX_TIM4_Init
    main.o(i.main) refers to tim.o(i.MX_TIM2_Init) for MX_TIM2_Init
    main.o(i.main) refers to usart.o(i.MX_USART1_UART_Init) for MX_USART1_UART_Init
    main.o(i.main) refers to can.o(i.MX_CAN_Init) for MX_CAN_Init
    main.o(i.main) refers to oled.o(i.OLED_Init) for OLED_Init
    main.o(i.main) refers to motor.o(i.PIDParameterInit) for PIDParameterInit
    main.o(i.main) refers to stm32f1xx_hal_tim.o(i.HAL_TIM_PWM_Start) for HAL_TIM_PWM_Start
    main.o(i.main) refers to oled.o(i.OLED_ShowString) for OLED_ShowString
    main.o(i.main) refers to stm32f1xx_hal_tim.o(i.HAL_TIM_Base_Start_IT) for HAL_TIM_Base_Start_IT
    main.o(i.main) refers to bh1750.o(i.Init_BH1750) for Init_BH1750
    main.o(i.main) refers to bh1750.o(i.Value_GY30) for Value_GY30
    main.o(i.main) refers to oled.o(i.OLED_ShowHexNum) for OLED_ShowHexNum
    main.o(i.main) refers to interrupt.o(i.OLED_mode) for OLED_mode
    main.o(i.main) refers to tim.o(.bss) for htim2
    main.o(i.main) refers to motor.o(.data) for LightRealValue
    gpio.o(i.MX_GPIO_Init) refers to stm32f1xx_hal_gpio.o(i.HAL_GPIO_WritePin) for HAL_GPIO_WritePin
    gpio.o(i.MX_GPIO_Init) refers to stm32f1xx_hal_gpio.o(i.HAL_GPIO_Init) for HAL_GPIO_Init
    can.o(i.HAL_CAN_MspDeInit) refers to stm32f1xx_hal_gpio.o(i.HAL_GPIO_DeInit) for HAL_GPIO_DeInit
    can.o(i.HAL_CAN_MspDeInit) refers to stm32f1xx_hal_cortex.o(i.HAL_NVIC_DisableIRQ) for HAL_NVIC_DisableIRQ
    can.o(i.HAL_CAN_MspInit) refers to stm32f1xx_hal_gpio.o(i.HAL_GPIO_Init) for HAL_GPIO_Init
    can.o(i.HAL_CAN_MspInit) refers to stm32f1xx_hal_cortex.o(i.HAL_NVIC_SetPriority) for HAL_NVIC_SetPriority
    can.o(i.HAL_CAN_MspInit) refers to stm32f1xx_hal_cortex.o(i.HAL_NVIC_EnableIRQ) for HAL_NVIC_EnableIRQ
    can.o(i.MX_CAN_Init) refers to stm32f1xx_hal_can.o(i.HAL_CAN_Init) for HAL_CAN_Init
    can.o(i.MX_CAN_Init) refers to main.o(i.Error_Handler) for Error_Handler
[...]
    .ARM.Collect$$rtentry$$0000000A          0x0800016e   Section        4  __rtentry2.o(.ARM.Collect$$rtentry$$0000000A)
    .ARM.Collect$$rtentry$$0000000C          0x08000172   Section        0  __rtentry2.o(.ARM.Collect$$rtentry$$0000000C)
    .ARM.Collect$$rtentry$$0000000D          0x08000172   Section        8  __rtentry2.o(.ARM.Collect$$rtentry$$0000000D)
    .ARM.Collect$$rtexit$$00000000           0x0800017a   Section        2  rtexit.o(.ARM.Collect$$rtexit$$00000000)
    .ARM.Collect$$rtexit$$00000002           0x0800017c   Section        0  rtexit2.o(.ARM.Collect$$rtexit$$00000002)
    .ARM.Collect$$rtexit$$00000003           0x0800017c   Section        4  rtexit2.o(.ARM.Collect$$rtexit$$00000003)
    .ARM.Collect$$rtexit$$00000004           0x08000180   Section        6  rtexit2.o(.ARM.Collect$$rtexit$$00000004)
    .text                                    0x08000188   Section       64  startup_stm32f103xb.o(.text)
    .text                                    0x080001c8   Section       78  rt_memclr_w.o(.text)
    .text                                    0x08000216   Section        0  heapauxi.o(.text)
    .text                                    0x0800021c   Section       74  sys_stackheap_outer.o(.text)
    .text                                    0x08000266   Section        0  exit.o(.text)
    .text                                    0x08000278   Section        8  libspace.o(.text)
    .text                                    0x08000280   Section        0  sys_exit.o(.text)
    .text                                    0x0800028c   Section        2  use_no_semi.o(.text)
    .text                                    0x0800028e   Section        0  indicate_semi.o(.text)
    i.BH1750_RecvACK                         0x08000290   Section        0  bh1750.o(i.BH1750_RecvACK)
    i.BH1750_RecvByte                        0x080002fc   Section        0  bh1750.o(i.BH1750_RecvByte)
    i.BH1750_SendACK                         0x08000374   Section        0  bh1750.o(i.BH1750_SendACK)
    i.BH1750_SendByte                        0x080003cc   Section        0  bh1750.o(i.BH1750_SendByte)
    i.BH1750_Start                           0x08000420   Section        0  bh1750.o(i.BH1750_Start)
    i.BH1750_Stop                            0x08000460   Section        0  bh1750.o(i.BH1750_Stop)
    i.BusFault_Handler                       0x08000498   Section        0  stm32f1xx_it.o(i.BusFault_Handler)
    i.CAN_ZERO                               0x0800049c   Section        0  com.o(i.CAN_ZERO)
    i.CRC_CHECK                              0x08000500   Section        0  visual_scope.o(i.CRC_CHECK)
    i.CanFilter_Config                       0x08000534   Section        0  com.o(i.CanFilter_Config)
    i.DMA1_Channel4_IRQHandler               0x08000578   Section        0  stm32f1xx_it.o(i.DMA1_Channel4_IRQHandler)
    i.DMA_SetConfig                          0x08000584   Section        0  stm32f1xx_hal_dma.o(i.DMA_SetConfig)
    DMA_SetConfig                            0x08000585   Thumb Code    42  stm32f1xx_hal_dma.o(i.DMA_SetConfig)
    i.DebugMon_Handler                       0x080005ae   Section        0  stm32f1xx_it.o(i.DebugMon_Handler)
    i.Delay_mms                              0x080005b0   Section        0  bh1750.o(i.Delay_mms)
    i.Error_Handler                          0x080005c6   Section        0  main.o(i.Error_Handler)
    i.HAL_CAN_ActivateNotification           0x080005ca   Section        0  stm32f1xx_hal_can.o(i.HAL_CAN_ActivateNotification)
    i.HAL_CAN_AddTxMessage                   0x080005ee   Section        0  stm32f1xx_hal_can.o(i.HAL_CAN_AddTxMessage)
    i.HAL_CAN_ConfigFilter                   0x080006ac   Section        0  stm32f1xx_hal_can.o(i.HAL_CAN_ConfigFilter)
    i.HAL_CAN_ErrorCallback                  0x0800079a   Section        0  stm32f1xx_hal_can.o(i.HAL_CAN_ErrorCallback)
    i.HAL_CAN_GetRxMessage                   0x0800079c   Section        0  stm32f1xx_hal_can.o(i.HAL_CAN_GetRxMessage)
    i.HAL_CAN_IRQHandler                     0x08000890   Section        0  stm32f1xx_hal_can.o(i.HAL_CAN_IRQHandler)
    i.HAL_CAN_Init                           0x08000a8c   Section        0  stm32f1xx_hal_can.o(i.HAL_CAN_Init)
    i.HAL_CAN_MspInit                        0x08000ba8   Section        0  can.o(i.HAL_CAN_MspInit)
    i.HAL_CAN_RxFifo0FullCallback            0x08000c3c   Section        0  stm32f1xx_hal_can.o(i.HAL_CAN_RxFifo0FullCallback)
    i.HAL_CAN_RxFifo0MsgPendingCallback      0x08000c40   Section        0  interrupt.o(i.HAL_CAN_RxFifo0MsgPendingCallback)
    i.HAL_CAN_RxFifo1FullCallback            0x08000cb4   Section        0  stm32f1xx_hal_can.o(i.HAL_CAN_RxFifo1FullCallback)
    i.HAL_CAN_RxFifo1MsgPendingCallback      0x08000cb6   Section        0  stm32f1xx_hal_can.o(i.HAL_CAN_RxFifo1MsgPendingCallback)
    i.HAL_CAN_SleepCallback                  0x08000cb8   Section        0  stm32f1xx_hal_can.o(i.HAL_CAN_SleepCallback)
    i.HAL_CAN_Start                          0x08000cbc   Section        0  stm32f1xx_hal_can.o(i.HAL_CAN_Start)
    i.HAL_CAN_TxMailbox0AbortCallback        0x08000d14   Section        0  stm32f1xx_hal_can.o(i.HAL_CAN_TxMailbox0AbortCallback)
    i.HAL_CAN_TxMailbox0CompleteCallback     0x08000d16   Section        0  stm32f1xx_hal_can.o(i.HAL_CAN_TxMailbox0CompleteCallback)
    i.HAL_CAN_TxMailbox1AbortCallback        0x08000d18   Section        0  stm32f1xx_hal_can.o(i.HAL_CAN_TxMailbox1AbortCallback)
    i.HAL_CAN_TxMailbox1CompleteCallback     0x08000d1a   Section        0  stm32f1xx_hal_can.o(i.HAL_CAN_TxMailbox1CompleteCallback)
    i.HAL_CAN_TxMailbox2AbortCallback        0x08000d1c   Section        0  stm32f1xx_hal_can.o(i.HAL_CAN_TxMailbox2AbortCallback)
    i.HAL_CAN_TxMailbox2CompleteCallback     0x08000d1e   Section        0  stm32f1xx_hal_can.o(i.HAL_CAN_TxMailbox2CompleteCallback)
    i.HAL_CAN_WakeUpFromRxMsgCallback        0x08000d20   Section        0  stm32f1xx_hal_can.o(i.HAL_CAN_WakeUpFromRxMsgCallback)
    i.HAL_DMA_Abort                          0x08000d22   Section        0  stm32f1xx_hal_dma.o(i.HAL_DMA_Abort)
    i.HAL_DMA_Abort_IT                       0x08000d68   Section        0  stm32f1xx_hal_dma.o(i.HAL_DMA_Abort_IT)
    i.HAL_DMA_IRQHandler                     0x08000e00   Section        0  stm32f1xx_hal_dma.o(i.HAL_DMA_IRQHandler)
    i.HAL_DMA_Init                           0x08000f54   Section        0  stm32f1xx_hal_dma.o(i.HAL_DMA_Init)
    i.HAL_DMA_Start_IT                       0x08000fb0   Section        0  stm32f1xx_hal_dma.o(i.HAL_DMA_Start_IT)
    i.HAL_Delay                              0x08001020   Section        0  stm32f1xx_hal.o(i.HAL_Delay)
    i.HAL_GPIO_Init                          0x08001044   Section        0  stm32f1xx_hal_gpio.o(i.HAL_GPIO_Init)
    i.HAL_GPIO_ReadPin                       0x08001224   Section        0  stm32f1xx_hal_gpio.o(i.HAL_GPIO_ReadPin)
    i.HAL_GPIO_TogglePin                     0x0800122e   Section        0  stm32f1xx_hal_gpio.o(i.HAL_GPIO_TogglePin)
    i.HAL_GPIO_WritePin                      0x0800123e   Section        0  stm32f1xx_hal_gpio.o(i.HAL_GPIO_WritePin)
    i.HAL_GetTick                            0x08001248   Section        0  stm32f1xx_hal.o(i.HAL_GetTick)
    i.HAL_IncTick                            0x08001254   Section        0  stm32f1xx_hal.o(i.HAL_IncTick)
    i.HAL_Init                               0x08001264   Section        0  stm32f1xx_hal.o(i.HAL_Init)
    i.HAL_InitTick                           0x08001288   Section        0  stm32f1xx_hal.o(i.HAL_InitTick)
    i.HAL_MspInit                            0x080012c8   Section        0  stm32f1xx_hal_msp.o(i.HAL_MspInit)
    i.HAL_NVIC_EnableIRQ                     0x08001304   Section        0  stm32f1xx_hal_cortex.o(i.HAL_NVIC_EnableIRQ)
    i.HAL_NVIC_SetPriority                   0x08001320   Section        0  stm32f1xx_hal_cortex.o(i.HAL_NVIC_SetPriority)
    i.HAL_NVIC_SetPriorityGrouping           0x08001360   Section        0  stm32f1xx_hal_cortex.o(i.HAL_NVIC_SetPriorityGrouping)
    i.HAL_RCC_ClockConfig                    0x08001384   Section        0  stm32f1xx_hal_rcc.o(i.HAL_RCC_ClockConfig)
    i.HAL_RCC_GetPCLK1Freq                   0x080014b0   Section        0  stm32f1xx_hal_rcc.o(i.HAL_RCC_GetPCLK1Freq)
    i.HAL_RCC_GetPCLK2Freq                   0x080014d0   Section        0  stm32f1xx_hal_rcc.o(i.HAL_RCC_GetPCLK2Freq)
    i.HAL_RCC_GetSysClockFreq                0x080014f0   Section        0  stm32f1xx_hal_rcc.o(i.HAL_RCC_GetSysClockFreq)
    i.HAL_RCC_OscConfig                      0x0800153c   Section        0  stm32f1xx_hal_rcc.o(i.HAL_RCC_OscConfig)
    i.HAL_SYSTICK_Config                     0x0800185c   Section        0  stm32f1xx_hal_cortex.o(i.HAL_SYSTICK_Config)
    i.HAL_TIMEx_BreakCallback                0x08001884   Section        0  stm32f1xx_hal_tim_ex.o(i.HAL_TIMEx_BreakCallback)
    i.HAL_TIMEx_CommutCallback               0x08001886   Section        0  stm32f1xx_hal_tim_ex.o(i.HAL_TIMEx_CommutCallback)
    i.HAL_TIMEx_MasterConfigSynchronization  0x08001888   Section        0  stm32f1xx_hal_tim_ex.o(i.HAL_TIMEx_MasterConfigSynchronization)
    i.HAL_TIM_Base_Init                      0x080018f0   Section        0  stm32f1xx_hal_tim.o(i.HAL_TIM_Base_Init)
    i.HAL_TIM_Base_MspInit                   0x0800194c   Section        0  tim.o(i.HAL_TIM_Base_MspInit)
    i.HAL_TIM_Base_Start_IT                  0x0800199c   Section        0  stm32f1xx_hal_tim.o(i.HAL_TIM_Base_Start_IT)
    i.HAL_TIM_ConfigClockSource              0x080019f4   Section        0  stm32f1xx_hal_tim.o(i.HAL_TIM_ConfigClockSource)
    i.HAL_TIM_IC_CaptureCallback             0x08001ad0   Section        0  stm32f1xx_hal_tim.o(i.HAL_TIM_IC_CaptureCallback)
    i.HAL_TIM_IRQHandler                     0x08001ad2   Section        0  stm32f1xx_hal_tim.o(i.HAL_TIM_IRQHandler)
    i.HAL_TIM_MspPostInit                    0x08001c04   Section        0  tim.o(i.HAL_TIM_MspPostInit)
    i.HAL_TIM_OC_DelayElapsedCallback        0x08001c64   Section        0  stm32f1xx_hal_tim.o(i.HAL_TIM_OC_DelayElapsedCallback)
    i.HAL_TIM_PWM_ConfigChannel              0x08001c66   Section        0  stm32f1xx_hal_tim.o(i.HAL_TIM_PWM_ConfigChannel)
    i.HAL_TIM_PWM_Init                       0x08001d32   Section        0  stm32f1xx_hal_tim.o(i.HAL_TIM_PWM_Init)
    i.HAL_TIM_PWM_MspInit                    0x08001d8c   Section        0  stm32f1xx_hal_tim.o(i.HAL_TIM_PWM_MspInit)
    i.HAL_TIM_PWM_PulseFinishedCallback      0x08001d8e   Section        0  stm32f1xx_hal_tim.o(i.HAL_TIM_PWM_PulseFinishedCallback)
    i.HAL_TIM_PWM_Start                      0x08001d90   Section        0  stm32f1xx_hal_tim.o(i.HAL_TIM_PWM_Start)
    i.HAL_TIM_PeriodElapsedCallback          0x08001e2c   Section        0  interrupt.o(i.HAL_TIM_PeriodElapsedCallback)
    i.HAL_TIM_TriggerCallback                0x08001efc   Section        0  stm32f1xx_hal_tim.o(i.HAL_TIM_TriggerCallback)
    i.HAL_UARTEx_RxEventCallback             0x08001efe   Section        0  stm32f1xx_hal_uart.o(i.HAL_UARTEx_RxEventCallback)
    i.HAL_UART_ErrorCallback                 0x08001f00   Section        0  stm32f1xx_hal_uart.o(i.HAL_UART_ErrorCallback)
    i.HAL_UART_IRQHandler                    0x08001f04   Section        0  stm32f1xx_hal_uart.o(i.HAL_UART_IRQHandler)
    i.HAL_UART_Init                          0x08002170   Section        0  stm32f1xx_hal_uart.o(i.HAL_UART_Init)
    i.HAL_UART_MspInit                       0x080021d4   Section        0  usart.o(i.HAL_UART_MspInit)
    i.HAL_UART_RxCpltCallback                0x08002284   Section        0  stm32f1xx_hal_uart.o(i.HAL_UART_RxCpltCallback)
    i.HAL_UART_Transmit_DMA                  0x08002288   Section        0  stm32f1xx_hal_uart.o(i.HAL_UART_Transmit_DMA)
    i.HAL_UART_TxCpltCallback                0x08002300   Section        0  stm32f1xx_hal_uart.o(i.HAL_UART_TxCpltCallback)
    i.HAL_UART_TxHalfCpltCallback            0x08002302   Section        0  stm32f1xx_hal_uart.o(i.HAL_UART_TxHalfCpltCallback)
    i.HardFault_Handler                      0x08002304   Section        0  stm32f1xx_it.o(i.HardFault_Handler)
    i.Init_BH1750                            0x08002306   Section        0  bh1750.o(i.Init_BH1750)
    i.LightPIDCalculate                      0x08002320   Section        0  motor.o(i.LightPIDCalculate)
    i.LightSetPWM                            0x080023ec   Section        0  motor.o(i.LightSetPWM)
    i.MX_CAN_Init                            0x08002428   Section        0  can.o(i.MX_CAN_Init)
    i.MX_DMA_Init                            0x0800247c   Section        0  dma.o(i.MX_DMA_Init)
    i.MX_GPIO_Init                           0x080024a8   Section        0  gpio.o(i.MX_GPIO_Init)
    i.MX_TIM2_Init                           0x08002554   Section        0  tim.o(i.MX_TIM2_Init)
    i.MX_TIM4_Init                           0x080025ec   Section        0  tim.o(i.MX_TIM4_Init)
    i.MX_USART1_UART_Init                    0x08002654   Section        0  usart.o(i.MX_USART1_UART_Init)
    i.MemManage_Handler                      0x0800268c   Section        0  stm32f1xx_it.o(i.MemManage_Handler)
    i.NMI_Handler                            0x0800268e   Section        0  stm32f1xx_it.o(i.NMI_Handler)
    i.OLED_Clear                             0x08002690   Section        0  oled.o(i.OLED_Clear)
    i.OLED_I2C_Init                          0x080026b8   Section        0  oled.o(i.OLED_I2C_Init)
    i.OLED_I2C_SendByte                      0x08002710   Section        0  oled.o(i.OLED_I2C_SendByte)
    i.OLED_I2C_Start                         0x08002764   Section        0  oled.o(i.OLED_I2C_Start)
    i.OLED_I2C_Stop                          0x08002798   Section        0  oled.o(i.OLED_I2C_Stop)
    i.OLED_Init                              0x080027c4   Section        0  oled.o(i.OLED_Init)
    i.OLED_Pow                               0x08002870   Section        0  oled.o(i.OLED_Pow)
    i.OLED_SetCursor                         0x0800287e   Section        0  oled.o(i.OLED_SetCursor)
    i.OLED_ShowChar                          0x080028a0   Section        0  oled.o(i.OLED_ShowChar)
    i.OLED_ShowHexNum                        0x08002908   Section        0  oled.o(i.OLED_ShowHexNum)
    i.OLED_ShowString                        0x0800294c   Section        0  oled.o(i.OLED_ShowString)
    i.OLED_WriteCommand                      0x08002972   Section        0  oled.o(i.OLED_WriteCommand)
    i.OLED_WriteData                         0x08002994   Section        0  oled.o(i.OLED_WriteData)
    i.OLED_mode                              0x080029b8   Section        0  interrupt.o(i.OLED_mode)
    i.PIDParameterInit                       0x080029f4   Section        0  motor.o(i.PIDParameterInit)
    i.PendSV_Handler                         0x08002a1c   Section        0  stm32f1xx_it.o(i.PendSV_Handler)
    i.SVC_Handler                            0x08002a1e   Section        0  stm32f1xx_it.o(i.SVC_Handler)
    i.Single_Write_BH1750                    0x08002a20   Section        0  bh1750.o(i.Single_Write_BH1750)
    i.SysTick_Handler                        0x08002a3c   Section        0  stm32f1xx_it.o(i.SysTick_Handler)
    i.SystemClock_Config                     0x08002a40   Section        0  main.o(i.SystemClock_Config)
    i.SystemInit                             0x08002a9e   Section        0  system_stm32f1xx.o(i.SystemInit)
    i.TIM4_IRQHandler                        0x08002aa0   Section        0  stm32f1xx_it.o(i.TIM4_IRQHandler)
    i.TIM_Base_SetConfig                     0x08002aac   Section        0  stm32f1xx_hal_tim.o(i.TIM_Base_SetConfig)
    i.TIM_CCxChannelCmd                      0x08002b24   Section        0  stm32f1xx_hal_tim.o(i.TIM_CCxChannelCmd)
    i.TIM_ETR_SetConfig                      0x08002b3e   Section        0  stm32f1xx_hal_tim.o(i.TIM_ETR_SetConfig)
    i.TIM_ITRx_SetConfig                     0x08002b52   Section        0  stm32f1xx_hal_tim.o(i.TIM_ITRx_SetConfig)
    TIM_ITRx_SetConfig                       0x08002b53   Thumb Code    16  stm32f1xx_hal_tim.o(i.TIM_ITRx_SetConfig)
    i.TIM_OC1_SetConfig                      0x08002b64   Section        0  stm32f1xx_hal_tim.o(i.TIM_OC1_SetConfig)
    TIM_OC1_SetConfig                        0x08002b65   Thumb Code    74  stm32f1xx_hal_tim.o(i.TIM_OC1_SetConfig)
    i.TIM_OC2_SetConfig                      0x08002bb4   Section        0  stm32f1xx_hal_tim.o(i.TIM_OC2_SetConfig)
    i.TIM_OC3_SetConfig                      0x08002c0c   Section        0  stm32f1xx_hal_tim.o(i.TIM_OC3_SetConfig)
    TIM_OC3_SetConfig                        0x08002c0d   Thumb Code    82  stm32f1xx_hal_tim.o(i.TIM_OC3_SetConfig)
    i.TIM_OC4_SetConfig                      0x08002c64   Section        0  stm32f1xx_hal_tim.o(i.TIM_OC4_SetConfig)
    TIM_OC4_SetConfig                        0x08002c65   Thumb Code    64  stm32f1xx_hal_tim.o(i.TIM_OC4_SetConfig)
    i.TIM_TI1_ConfigInputStage               0x08002ca8   Section        0  stm32f1xx_hal_tim.o(i.TIM_TI1_ConfigInputStage)
    TIM_TI1_ConfigInputStage                 0x08002ca9   Thumb Code    34  stm32f1xx_hal_tim.o(i.TIM_TI1_ConfigInputStage)
    i.TIM_TI2_ConfigInputStage               0x08002cca   Section        0  stm32f1xx_hal_tim.o(i.TIM_TI2_ConfigInputStage)
    TIM_TI2_ConfigInputStage                 0x08002ccb   Thumb Code    36  stm32f1xx_hal_tim.o(i.TIM_TI2_ConfigInputStage)
    i.UART_DMAAbortOnError                   0x08002cee   Section        0  stm32f1xx_hal_uart.o(i.UART_DMAAbortOnError)
    UART_DMAAbortOnError                     0x08002cef   Thumb Code    16  stm32f1xx_hal_uart.o(i.UART_DMAAbortOnError)
    i.UART_DMAError                          0x08002cfe   Section        0  stm32f1xx_hal_uart.o(i.UART_DMAError)
    UART_DMAError                            0x08002cff   Thumb Code    74  stm32f1xx_hal_uart.o(i.UART_DMAError)
    i.UART_DMATransmitCplt                   0x08002d48   Section        0  stm32f1xx_hal_uart.o(i.UART_DMATransmitCplt)
    UART_DMATransmitCplt                     0x08002d49   Thumb Code    66  stm32f1xx_hal_uart.o(i.UART_DMATransmitCplt)
    i.UART_DMATxHalfCplt                     0x08002d8a   Section        0  stm32f1xx_hal_uart.o(i.UART_DMATxHalfCplt)
    UART_DMATxHalfCplt                       0x08002d8b   Thumb Code    10  stm32f1xx_hal_uart.o(i.UART_DMATxHalfCplt)
    i.UART_EndRxTransfer                     0x08002d94   Section        0  stm32f1xx_hal_uart.o(i.UART_EndRxTransfer)
    UART_EndRxTransfer                       0x08002d95   Thumb Code    78  stm32f1xx_hal_uart.o(i.UART_EndRxTransfer)
    i.UART_EndTxTransfer                     0x08002de2   Section        0  stm32f1xx_hal_uart.o(i.UART_EndTxTransfer)
    UART_EndTxTransfer                       0x08002de3   Thumb Code    28  stm32f1xx_hal_uart.o(i.UART_EndTxTransfer)
    i.UART_Receive_IT                        0x08002dfe   Section        0  stm32f1xx_hal_uart.o(i.UART_Receive_IT)
    UART_Receive_IT                          0x08002dff   Thumb Code   194  stm32f1xx_hal_uart.o(i.UART_Receive_IT)
    i.UART_SetConfig                         0x08002ec0   Section        0  stm32f1xx_hal_uart.o(i.UART_SetConfig)
    UART_SetConfig                           0x08002ec1   Thumb Code   178  stm32f1xx_hal_uart.o(i.UART_SetConfig)
    i.USART1_IRQHandler                      0x08002f78   Section        0  stm32f1xx_it.o(i.USART1_IRQHandler)
    i.USB_LP_CAN1_RX0_IRQHandler             0x08002f84   Section        0  stm32f1xx_it.o(i.USB_LP_CAN1_RX0_IRQHandler)
    i.UsageFault_Handler                     0x08002f90   Section        0  stm32f1xx_it.o(i.UsageFault_Handler)
    i.VS4Channal_Send                        0x08002f94   Section        0  visual_scope.o(i.VS4Channal_Send)
    i.Value_GY30                             0x08002fe0   Section        0  bh1750.o(i.Value_GY30)
    i.__NVIC_SetPriority                     0x08003024   Section        0  stm32f1xx_hal_cortex.o(i.__NVIC_SetPriority)
    __NVIC_SetPriority                       0x08003025   Thumb Code    32  stm32f1xx_hal_cortex.o(i.__NVIC_SetPriority)
    i.delay_nus                              0x08003044   Section        0  bh1750.o(i.delay_nus)
    i.main                                   0x080030e0   Section        0  main.o(i.main)
    i.mread                                  0x08003168   Section        0  bh1750.o(i.mread)
    x$fpl$ddiv                               0x080031a8   Section      688  ddiv.o(x$fpl$ddiv)
    ddiv_entry                               0x080031af   Thumb Code     0  ddiv.o(x$fpl$ddiv)
    x$fpl$dfixu                              0x08003458   Section       90  dfixu.o(x$fpl$dfixu)
    x$fpl$dflt                               0x080034b2   Section       46  dflt_clz.o(x$fpl$dflt)
    x$fpl$dfltu                              0x080034e0   Section       38  dflt_clz.o(x$fpl$dfltu)
    x$fpl$dmul                               0x08003508   Section      340  dmul.o(x$fpl$dmul)
    x$fpl$dnaninf                            0x0800365c   Section      156  dnaninf.o(x$fpl$dnaninf)
    x$fpl$dretinf                            0x080036f8   Section       12  dretinf.o(x$fpl$dretinf)
    x$fpl$fadd                               0x08003704   Section      196  faddsub_clz.o(x$fpl$fadd)
    _fadd1                                   0x08003713   Thumb Code     0  faddsub_clz.o(x$fpl$fadd)
    x$fpl$fcmpinf                            0x080037c8   Section       24  fcmpi.o(x$fpl$fcmpinf)
    x$fpl$ffix                               0x080037e0   Section       54  ffix.o(x$fpl$ffix)
    x$fpl$fflt                               0x08003818   Section       48  fflt_clz.o(x$fpl$fflt)
    x$fpl$fleqf                              0x08003848   Section      104  fleqf.o(x$fpl$fleqf)
    x$fpl$fmul                               0x080038b0   Section      258  fmul.o(x$fpl$fmul)
    x$fpl$fnaninf                            0x080039b2   Section      140  fnaninf.o(x$fpl$fnaninf)
    x$fpl$fretinf                            0x08003a3e   Section       10  fretinf.o(x$fpl$fretinf)
    x$fpl$frleqf                             0x08003a48   Section       98  frleqf.o(x$fpl$frleqf)
    x$fpl$fsub                               0x08003aac   Section      234  faddsub_clz.o(x$fpl$fsub)
    _fsub1                                   0x08003abb   Thumb Code     0  faddsub_clz.o(x$fpl$fsub)
    .constdata                               0x08003b96   Section       18  stm32f1xx_hal_rcc.o(.constdata)
    x$fpl$usenofp                            0x08003b96   Section        0  usenofp.o(x$fpl$usenofp)
    aPredivFactorTable                       0x08003b96   Data           2  stm32f1xx_hal_rcc.o(.constdata)
    aPLLMULFactorTable                       0x08003b98   Data          16  stm32f1xx_hal_rcc.o(.constdata)
    .constdata                               0x08003ba8   Section       16  system_stm32f1xx.o(.constdata)
    .constdata                               0x08003bb8   Section        8  system_stm32f1xx.o(.constdata)
    .constdata                               0x08003bc0   Section     1520  oled.o(.constdata)
    .data                                    0x20000000   Section       12  stm32f1xx_hal.o(.data)
    .data                                    0x2000000c   Section        4  system_stm32f1xx.o(.data)
    .data                                    0x20000010   Section       12  interrupt.o(.data)
    .data                                    0x2000001c   Section        8  motor.o(.data)
    .data                                    0x20000024   Section        8  motor.o(.data)
    .data                                    0x2000002c   Section        1  motor.o(.data)
    .data                                    0x2000002d   Section        4  bh1750.o(.data)
    .bss                                     0x20000034   Section       40  can.o(.bss)
    .bss                                     0x2000005c   Section      144  tim.o(.bss)
    .bss                                     0x200000ec   Section      140  usart.o(.bss)
    .bss                                     0x20000178   Section       60  motor.o(.bss)
    .bss                                     0x200001b4   Section       96  libspace.o(.bss)
    HEAP                                     0x20000218   Section      512  startup_stm32f103xb.o(HEAP)
    Heap_Mem                                 0x20000218   Data         512  startup_stm32f103xb.o(HEAP)
    STACK                                    0x20000418   Section     1024  startup_stm32f103xb.o(STACK)
    Stack_Mem                                0x20000418   Data        1024  startup_stm32f103xb.o(STACK)
    __initial_sp                             0x20000818   Data           0  startup_stm32f103xb.o(STACK)

    Global Symbols

    Symbol Name                              Value     Ov Type        Size  Object(Section)

    BuildAttributes$$THM_ISAv4$P$D$K$B$S$PE$A:L22UL41UL21$X:L11$S22US41US21$IEEE1$IW$USESV6$~STKCKD$USESV7$~SHL$OSPACE$ROPI$EBA8$UX$STANDARDLIB$REQ8$PRES8$EABIv2 0x00000000   Number         0  anon$$obj.o ABSOLUTE
    __ARM_use_no_argv                        0x00000000   Number         0  main.o ABSOLUTE
    __ARM_exceptions_init                     - Undefined Weak Reference
    __alloca_initialize                       - Undefined Weak Reference
    __arm_preinit_                            - Undefined Weak Reference
    __cpp_initialize__aeabi_                  - Undefined Weak Reference
    __cxa_finalize                            - Undefined Weak Reference
    __rt_locale                               - Undefined Weak Reference
    __sigvec_lookup                           - Undefined Weak Reference
    _atexit_init                              - Undefined Weak Reference
    _call_atexit_fns                          - Undefined Weak Reference
    _clock_init                               - Undefined Weak Reference
    _fp_trap_init                             - Undefined Weak Reference
    _fp_trap_shutdown                         - Undefined Weak Reference
    _get_lc_collate                           - Undefined Weak Reference
    _get_lc_ctype                             - Undefined Weak Reference
    _get_lc_monetary                          - Undefined Weak Reference
    _get_lc_numeric                           - Undefined Weak Reference
    _get_lc_time                              - Undefined Weak Reference
    _getenv_init                              - Undefined Weak Reference
    _handle_redirection                       - Undefined Weak Reference
    _init_alloc                               - Undefined Weak Reference
    _init_user_alloc                          - Undefined Weak Reference
    _initio                                   - Undefined Weak Reference
    _rand_init                                - Undefined Weak Reference
    _signal_finish                            - Undefined Weak Reference
    _signal_init                              - Undefined Weak Reference
    _terminate_alloc                          - Undefined Weak Reference
    _terminate_user_alloc                     - Undefined Weak Reference
    _terminateio                              - Undefined Weak Reference
    __Vectors_Size                           0x000000ec   Number         0  startup_stm32f103xb.o ABSOLUTE
    __Vectors                                0x08000000   Data           4  startup_stm32f103xb.o(RESET)
    __Vectors_End                            0x080000ec   Data           0  startup_stm32f103xb.o(RESET)
    __main                                   0x080000ed   Thumb Code     8  __main.o(!!!main)
    __scatterload                            0x080000f5   Thumb Code     0  __scatter.o(!!!scatter)
    __scatterload_rt2                        0x080000f5   Thumb Code    44  __scatter.o(!!!scatter)
    __scatterload_rt2_thumb_only             0x080000f5   Thumb Code     0  __scatter.o(!!!scatter)
    __scatterload_null                       0x08000103   Thumb Code     0  __scatter.o(!!!scatter)
    __scatterload_copy                       0x08000129   Thumb Code    26  __scatter_copy.o(!!handler_copy)
    __scatterload_zeroinit                   0x08000145   Thumb Code    28  __scatter_zi.o(!!handler_zi)
    __rt_lib_init                            0x08000161   Thumb Code     0  libinit.o(.ARM.Collect$$libinit$$00000000)
    __rt_lib_init_alloca_1                   0x08000163   Thumb Code     0  libinit2.o(.ARM.Collect$$libinit$$0000002E)
    __rt_lib_init_argv_1                     0x08000163   Thumb Code     0  libinit2.o(.ARM.Collect$$libinit$$0000002C)
    __rt_lib_init_atexit_1                   0x08000163   Thumb Code     0  libinit2.o(.ARM.Collect$$libinit$$0000001B)
    __rt_lib_init_clock_1                    0x08000163   Thumb Code     0  libinit2.o(.ARM.Collect$$libinit$$00000021)
    __rt_lib_init_cpp_1                      0x08000163   Thumb Code     0  libinit2.o(.ARM.Collect$$libinit$$00000032)
    __rt_lib_init_exceptions_1               0x08000163   Thumb Code     0  libinit2.o(.ARM.Collect$$libinit$$00000030)
    __rt_lib_init_fp_1                       0x08000163   Thumb Code     0  libinit2.o(.ARM.Collect$$libinit$$00000002)
    __rt_lib_init_fp_trap_1                  0x08000163   Thumb Code     0  libinit2.o(.ARM.Collect$$libinit$$0000001F)
    __rt_lib_init_getenv_1                   0x08000163   Thumb Code     0  libinit2.o(.ARM.Collect$$libinit$$00000023)
    __rt_lib_init_heap_1                     0x08000163   Thumb Code     0  libinit2.o(.ARM.Collect$$libinit$$0000000A)
    __rt_lib_init_lc_collate_1               0x08000163   Thumb Code     0  libinit2.o(.ARM.Collect$$libinit$$00000011)
    __rt_lib_init_lc_ctype_1                 0x08000163   Thumb Code     0  libinit2.o(.ARM.Collect$$libinit$$00000013)
    __rt_lib_init_lc_monetary_1              0x08000163   Thumb Code     0  libinit2.o(.ARM.Collect$$libinit$$00000015)
    __rt_lib_init_lc_numeric_1               0x08000163   Thumb Code     0  libinit2.o(.ARM.Collect$$libinit$$00000017)
    __rt_lib_init_lc_time_1                  0x08000163   Thumb Code     0  libinit2.o(.ARM.Collect$$libinit$$00000019)
    __rt_lib_init_preinit_1                  0x08000163   Thumb Code     0  libinit2.o(.ARM.Collect$$libinit$$00000004)
    __rt_lib_init_rand_1                     0x08000163   Thumb Code     0  libinit2.o(.ARM.Collect$$libinit$$0000000E)
    __rt_lib_init_return                     0x08000163   Thumb Code     0  libinit2.o(.ARM.Collect$$libinit$$00000033)
    __rt_lib_init_signal_1                   0x08000163   Thumb Code     0  libinit2.o(.ARM.Collect$$libinit$$0000001D)
    __rt_lib_init_stdio_1                    0x08000163   Thumb Code     0  libinit2.o(.ARM.Collect$$libinit$$00000025)
    __rt_lib_init_user_alloc_1               0x08000163   Thumb Code     0  libinit2.o(.ARM.Collect$$libinit$$0000000C)
    __rt_lib_shutdown                        0x08000165   Thumb Code     0  libshutdown.o(.ARM.Collect$$libshutdown$$00000000)
    __rt_lib_shutdown_cpp_1                  0x08000167   Thumb Code     0  libshutdown2.o(.ARM.Collect$$libshutdown$$00000002)
    __rt_lib_shutdown_fp_trap_1              0x08000167   Thumb Code     0  libshutdown2.o(.ARM.Collect$$libshutdown$$00000007)
    __rt_lib_shutdown_heap_1                 0x08000167   Thumb Code     0  libshutdown2.o(.ARM.Collect$$libshutdown$$0000000F)
    __rt_lib_shutdown_return                 0x08000167   Thumb Code     0  libshutdown2.o(.ARM.Collect$$libshutdown$$00000010)
    __rt_lib_shutdown_signal_1               0x08000167   Thumb Code     0  libshutdown2.o(.ARM.Collect$$libshutdown$$0000000A)
    __rt_lib_shutdown_stdio_1                0x08000167   Thumb Code     0  libshutdown2.o(.ARM.Collect$$libshutdown$$00000004)
    __rt_lib_shutdown_user_alloc_1           0x08000167   Thumb Code     0  libshutdown2.o(.ARM.Collect$$libshutdown$$0000000C)
    __rt_entry                               0x08000169   Thumb Code     0  __rtentry.o(.ARM.Collect$$rtentry$$00000000)
    __rt_entry_presh_1                       0x08000169   Thumb Code     0  __rtentry2.o(.ARM.Collect$$rtentry$$00000002)
    __rt_entry_sh                            0x08000169   Thumb Code     0  __rtentry4.o(.ARM.Collect$$rtentry$$00000004)
    __rt_entry_li                            0x0800016f   Thumb Code     0  __rtentry2.o(.ARM.Collect$$rtentry$$0000000A)
    __rt_entry_postsh_1                      0x0800016f   Thumb Code     0  __rtentry2.o(.ARM.Collect$$rtentry$$00000009)
    __rt_entry_main                          0x08000173   Thumb Code     0  __rtentry2.o(.ARM.Collect$$rtentry$$0000000D)
    __rt_entry_postli_1                      0x08000173   Thumb Code     0  __rtentry2.o(.ARM.Collect$$rtentry$$0000000C)
    __rt_exit                                0x0800017b   Thumb Code     0  rtexit.o(.ARM.Collect$$rtexit$$00000000)
    __rt_exit_ls                             0x0800017d   Thumb Code     0  rtexit2.o(.ARM.Collect$$rtexit$$00000003)
    __rt_exit_prels_1                        0x0800017d   Thumb Code     0  rtexit2.o(.ARM.Collect$$rtexit$$00000002)
    __rt_exit_exit                           0x08000181   Thumb Code     0  rtexit2.o(.ARM.Collect$$rtexit$$00000004)
    Reset_Handler                            0x08000189   Thumb Code     8  startup_stm32f103xb.o(.text)
    ADC1_2_IRQHandler                        0x080001a3   Thumb Code     0  startup_stm32f103xb.o(.text)
    CAN1_RX1_IRQHandler                      0x080001a3   Thumb Code     0  startup_stm32f103xb.o(.text)
    CAN1_SCE_IRQHandler                      0x080001a3   Thumb Code     0  startup_stm32f103xb.o(.text)
    DMA1_Channel1_IRQHandler                 0x080001a3   Thumb Code     0  startup_stm32f103xb.o(.text)
    DMA1_Channel2_IRQHandler                 0x080001a3   Thumb Code     0  startup_stm32f103xb.o(.text)
    DMA1_Channel3_IRQHandler                 0x080001a3   Thumb Code     0  startup_stm32f103xb.o(.text)
    DMA1_Channel5_IRQHandler                 0x080001a3   Thumb Code     0  startup_stm32f103xb.o(.text)
    DMA1_Channel6_IRQHandler                 0x080001a3   Thumb Code     0  startup_stm32f103xb.o(.text)
    DMA1_Channel7_IRQHandler                 0x080001a3   Thumb Code     0  startup_stm32f103xb.o(.text)
    EXTI0_IRQHandler                         0x080001a3   Thumb Code     0  startup_stm32f103xb.o(.text)
    EXTI15_10_IRQHandler                     0x080001a3   Thumb Code     0  startup_stm32f103xb.o(.text)
    EXTI1_IRQHandler                         0x080001a3   Thumb Code     0  startup_stm32f103xb.o(.text)
    EXTI2_IRQHandler                         0x080001a3   Thumb Code     0  startup_stm32f103xb.o(.text)
    EXTI3_IRQHandler                         0x080001a3   Thumb Code     0  startup_stm32f103xb.o(.text)
    EXTI4_IRQHandler                         0x080001a3   Thumb Code     0  startup_stm32f103xb.o(.text)
    EXTI9_5_IRQHandler                       0x080001a3   Thumb Code     0  startup_stm32f103xb.o(.text)
    FLASH_IRQHandler                         0x080001a3   Thumb Code     0  startup_stm32f103xb.o(.text)
    I2C1_ER_IRQHandler                       0x080001a3   Thumb Code     0  startup_stm32f103xb.o(.text)
    I2C1_EV_IRQHandler                       0x080001a3   Thumb Code     0  startup_stm32f103xb.o(.text)
    I2C2_ER_IRQHandler                       0x080001a3   Thumb Code     0  startup_stm32f103xb.o(.text)
    I2C2_EV_IRQHandler                       0x080001a3   Thumb Code     0  startup_stm32f103xb.o(.text)
    PVD_IRQHandler                           0x080001a3   Thumb Code     0  startup_stm32f103xb.o(.text)
    RCC_IRQHandler                           0x080001a3   Thumb Code     0  startup_stm32f103xb.o(.text)
    RTC_Alarm_IRQHandler                     0x080001a3   Thumb Code     0  startup_stm32f103xb.o(.text)
    RTC_IRQHandler                           0x080001a3   Thumb Code     0  startup_stm32f103xb.o(.text)
    SPI1_IRQHandler                          0x080001a3   Thumb Code     0  startup_stm32f103xb.o(.text)
    SPI2_IRQHandler                          0x080001a3   Thumb Code     0  startup_stm32f103xb.o(.text)
    TAMPER_IRQHandler                        0x080001a3   Thumb Code     0  startup_stm32f103xb.o(.text)
    TIM1_BRK_IRQHandler                      0x080001a3   Thumb Code     0  startup_stm32f103xb.o(.text)
    TIM1_CC_IRQHandler                       0x080001a3   Thumb Code     0  startup_stm32f103xb.o(.text)
    TIM1_TRG_COM_IRQHandler                  0x080001a3   Thumb Code     0  startup_stm32f103xb.o(.text)
    TIM1_UP_IRQHandler                       0x080001a3   Thumb Code     0  startup_stm32f103xb.o(.text)
    TIM2_IRQHandler                          0x080001a3   Thumb Code     0  startup_stm32f103xb.o(.text)
    TIM3_IRQHandler                          0x080001a3   Thumb Code     0  startup_stm32f103xb.o(.text)
    USART2_IRQHandler                        0x080001a3   Thumb Code     0  startup_stm32f103xb.o(.text)
    USART3_IRQHandler                        0x080001a3   Thumb Code     0  startup_stm32f103xb.o(.text)
    USBWakeUp_IRQHandler                     0x080001a3   Thumb Code     0  startup_stm32f103xb.o(.text)
    USB_HP_CAN1_TX_IRQHandler                0x080001a3   Thumb Code     0  startup_stm32f103xb.o(.text)
    WWDG_IRQHandler                          0x080001a3   Thumb Code     0  startup_stm32f103xb.o(.text)
    __user_initial_stackheap                 0x080001a5   Thumb Code     0  startup_stm32f103xb.o(.text)
    __aeabi_memclr4                          0x080001c9   Thumb Code     0  rt_memclr_w.o(.text)
    __aeabi_memclr8                          0x080001c9   Thumb Code     0  rt_memclr_w.o(.text)
    __rt_memclr_w                            0x080001c9   Thumb Code    78  rt_memclr_w.o(.text)
    _memset_w                                0x080001cd   Thumb Code     0  rt_memclr_w.o(.text)
    __use_two_region_memory                  0x08000217   Thumb Code     2  heapauxi.o(.text)
    __rt_heap_escrow$2region                 0x08000219   Thumb Code     2  heapauxi.o(.text)
    __rt_heap_expand$2region                 0x0800021b   Thumb Code     2  heapauxi.o(.text)
    __user_setup_stackheap                   0x0800021d   Thumb Code    74  sys_stackheap_outer.o(.text)
    exit                                     0x08000267   Thumb Code    18  exit.o(.text)
    __user_libspace                          0x08000279   Thumb Code     8  libspace.o(.text)
    __user_perproc_libspace                  0x08000279   Thumb Code     0  libspace.o(.text)
    __user_perthread_libspace                0x08000279   Thumb Code     0  libspace.o(.text)
    _sys_exit                                0x08000281   Thumb Code     8  sys_exit.o(.text)
    __I$use$semihosting                      0x0800028d   Thumb Code     0  use_no_semi.o(.text)
    __use_no_semihosting_swi                 0x0800028d   Thumb Code     2  use_no_semi.o(.text)
    __semihosting_library_function           0x0800028f   Thumb Code     0  indicate_semi.o(.text)
    BH1750_RecvACK                           0x08000291   Thumb Code    98  bh1750.o(i.BH1750_RecvACK)
    BH1750_RecvByte                          0x080002fd   Thumb Code   114  bh1750.o(i.BH1750_RecvByte)
    BH1750_SendACK                           0x08000375   Thumb Code    82  bh1750.o(i.BH1750_SendACK)
    BH1750_SendByte                          0x080003cd   Thumb Code    78  bh1750.o(i.BH1750_SendByte)
    BH1750_Start                             0x08000421   Thumb Code    60  bh1750.o(i.BH1750_Start)
    BH1750_Stop                              0x08000461   Thumb Code    50  bh1750.o(i.BH1750_Stop)
    BusFault_Handler                         0x08000499   Thumb Code     2  stm32f1xx_it.o(i.BusFault_Handler)
    CAN_ZERO                                 0x0800049d   Thumb Code    88  com.o(i.CAN_ZERO)
    CRC_CHECK                                0x08000501   Thumb Code    52  visual_scope.o(i.CRC_CHECK)
    CanFilter_Config                         0x08000535   Thumb Code    64  com.o(i.CanFilter_Config)
    DMA1_Channel4_IRQHandler                 0x08000579   Thumb Code     6  stm32f1xx_it.o(i.DMA1_Channel4_IRQHandler)
    DebugMon_Handler                         0x080005af   Thumb Code     2  stm32f1xx_it.o(i.DebugMon_Handler)
    Delay_mms                                0x080005b1   Thumb Code    22  bh1750.o(i.Delay_mms)
    Error_Handler                            0x080005c7   Thumb Code     4  main.o(i.Error_Handler)
    HAL_CAN_ActivateNotification             0x080005cb   Thumb Code    36  stm32f1xx_hal_can.o(i.HAL_CAN_ActivateNotification)
    HAL_CAN_AddTxMessage                     0x080005ef   Thumb Code   188  stm32f1xx_hal_can.o(i.HAL_CAN_AddTxMessage)
    HAL_CAN_ConfigFilter                     0x080006ad   Thumb Code   238  stm32f1xx_hal_can.o(i.HAL_CAN_ConfigFilter)
    HAL_CAN_ErrorCallback                    0x0800079b   Thumb Code     2  stm32f1xx_hal_can.o(i.HAL_CAN_ErrorCallback)
    HAL_CAN_GetRxMessage                     0x0800079d   Thumb Code   244  stm32f1xx_hal_can.o(i.HAL_CAN_GetRxMessage)
    HAL_CAN_IRQHandler                       0x08000891   Thumb Code   508  stm32f1xx_hal_can.o(i.HAL_CAN_IRQHandler)
    HAL_CAN_Init                             0x08000a8d   Thumb Code   282  stm32f1xx_hal_can.o(i.HAL_CAN_Init)
    HAL_CAN_MspInit                          0x08000ba9   Thumb Code   130  can.o(i.HAL_CAN_MspInit)
    HAL_CAN_RxFifo0FullCallback              0x08000c3d   Thumb Code     2  stm32f1xx_hal_can.o(i.HAL_CAN_RxFifo0FullCallback)
    HAL_CAN_RxFifo0MsgPendingCallback        0x08000c41   Thumb Code   108  interrupt.o(i.HAL_CAN_RxFifo0MsgPendingCallback)
    HAL_CAN_RxFifo1FullCallback              0x08000cb5   Thumb Code     2  stm32f1xx_hal_can.o(i.HAL_CAN_RxFifo1FullCallback)
    HAL_CAN_RxFifo1MsgPendingCallback        0x08000cb7   Thumb Code     2  stm32f1xx_hal_can.o(i.HAL_CAN_RxFifo1MsgPendingCallback)
    HAL_CAN_SleepCallback                    0x08000cb9   Thumb Code     2  stm32f1xx_hal_can.o(i.HAL_CAN_SleepCallback)
    HAL_CAN_Start                            0x08000cbd   Thumb Code    88  stm32f1xx_hal_can.o(i.HAL_CAN_Start)
    HAL_CAN_TxMailbox0AbortCallback          0x08000d15   Thumb Code     2  stm32f1xx_hal_can.o(i.HAL_CAN_TxMailbox0AbortCallback)
    HAL_CAN_TxMailbox0CompleteCallback       0x08000d17   Thumb Code     2  stm32f1xx_hal_can.o(i.HAL_CAN_TxMailbox0CompleteCallback)
    HAL_CAN_TxMailbox1AbortCallback          0x08000d19   Thumb Code     2  stm32f1xx_hal_can.o(i.HAL_CAN_TxMailbox1AbortCallback)
    HAL_CAN_TxMailbox1CompleteCallback       0x08000d1b   Thumb Code     2  stm32f1xx_hal_can.o(i.HAL_CAN_TxMailbox1CompleteCallback)
    HAL_CAN_TxMailbox2AbortCallback          0x08000d1d   Thumb Code     2  stm32f1xx_hal_can.o(i.HAL_CAN_TxMailbox2AbortCallback)
    HAL_CAN_TxMailbox2CompleteCallback       0x08000d1f   Thumb Code     2  stm32f1xx_hal_can.o(i.HAL_CAN_TxMailbox2CompleteCallback)
    HAL_CAN_WakeUpFromRxMsgCallback          0x08000d21   Thumb Code     2  stm32f1xx_hal_can.o(i.HAL_CAN_WakeUpFromRxMsgCallback)
    HAL_DMA_Abort                            0x08000d23   Thumb Code    70  stm32f1xx_hal_dma.o(i.HAL_DMA_Abort)
    HAL_DMA_Abort_IT                         0x08000d69   Thumb Code   148  stm32f1xx_hal_dma.o(i.HAL_DMA_Abort_IT)
    HAL_DMA_IRQHandler                       0x08000e01   Thumb Code   316  stm32f1xx_hal_dma.o(i.HAL_DMA_IRQHandler)
    HAL_DMA_Init                             0x08000f55   Thumb Code    84  stm32f1xx_hal_dma.o(i.HAL_DMA_Init)
    HAL_DMA_Start_IT                         0x08000fb1   Thumb Code   112  stm32f1xx_hal_dma.o(i.HAL_DMA_Start_IT)
    HAL_Delay                                0x08001021   Thumb Code    32  stm32f1xx_hal.o(i.HAL_Delay)
    HAL_GPIO_Init                            0x08001045   Thumb Code   446  stm32f1xx_hal_gpio.o(i.HAL_GPIO_Init)
    HAL_GPIO_ReadPin                         0x08001225   Thumb Code    10  stm32f1xx_hal_gpio.o(i.HAL_GPIO_ReadPin)
    HAL_GPIO_TogglePin                       0x0800122f   Thumb Code    16  stm32f1xx_hal_gpio.o(i.HAL_GPIO_TogglePin)
    HAL_GPIO_WritePin                        0x0800123f   Thumb Code    10  stm32f1xx_hal_gpio.o(i.HAL_GPIO_WritePin)
    HAL_GetTick                              0x08001249   Thumb Code     6  stm32f1xx_hal.o(i.HAL_GetTick)
    HAL_IncTick                              0x08001255   Thumb Code    12  stm32f1xx_hal.o(i.HAL_IncTick)
    HAL_Init                                 0x08001265   Thumb Code    32  stm32f1xx_hal.o(i.HAL_Init)
    HAL_InitTick                             0x08001289   Thumb Code    54  stm32f1xx_hal.o(i.HAL_InitTick)
    HAL_MspInit                              0x080012c9   Thumb Code    52  stm32f1xx_hal_msp.o(i.HAL_MspInit)
    HAL_NVIC_EnableIRQ                       0x08001305   Thumb Code    26  stm32f1xx_hal_cortex.o(i.HAL_NVIC_EnableIRQ)
    HAL_NVIC_SetPriority                     0x08001321   Thumb Code    60  stm32f1xx_hal_cortex.o(i.HAL_NVIC_SetPriority)
    HAL_NVIC_SetPriorityGrouping             0x08001361   Thumb Code    26  stm32f1xx_hal_cortex.o(i.HAL_NVIC_SetPriorityGrouping)
    HAL_RCC_ClockConfig                      0x08001385   Thumb Code   280  stm32f1xx_hal_rcc.o(i.HAL_RCC_ClockConfig)
    HAL_RCC_GetPCLK1Freq                     0x080014b1   Thumb Code    20  stm32f1xx_hal_rcc.o(i.HAL_RCC_GetPCLK1Freq)
    HAL_RCC_GetPCLK2Freq                     0x080014d1   Thumb Code    20  stm32f1xx_hal_rcc.o(i.HAL_RCC_GetPCLK2Freq)
    HAL_RCC_GetSysClockFreq                  0x080014f1   Thumb Code    58  stm32f1xx_hal_rcc.o(i.HAL_RCC_GetSysClockFreq)
    HAL_RCC_OscConfig                        0x0800153d   Thumb Code   778  stm32f1xx_hal_rcc.o(i.HAL_RCC_OscConfig)
    HAL_SYSTICK_Config                       0x0800185d   Thumb Code    40  stm32f1xx_hal_cortex.o(i.HAL_SYSTICK_Config)
    HAL_TIMEx_BreakCallback                  0x08001885   Thumb Code     2  stm32f1xx_hal_tim_ex.o(i.HAL_TIMEx_BreakCallback)
    HAL_TIMEx_CommutCallback                 0x08001887   Thumb Code     2  stm32f1xx_hal_tim_ex.o(i.HAL_TIMEx_CommutCallback)
    HAL_TIMEx_MasterConfigSynchronization    0x08001889   Thumb Code    92  stm32f1xx_hal_tim_ex.o(i.HAL_TIMEx_MasterConfigSynchronization)
    HAL_TIM_Base_Init                        0x080018f1   Thumb Code    90  stm32f1xx_hal_tim.o(i.HAL_TIM_Base_Init)
    HAL_TIM_Base_MspInit                     0x0800194d   Thumb Code    72  tim.o(i.HAL_TIM_Base_MspInit)
    HAL_TIM_Base_Start_IT                    0x0800199d   Thumb Code    76  stm32f1xx_hal_tim.o(i.HAL_TIM_Base_Start_IT)
    HAL_TIM_ConfigClockSource                0x080019f5   Thumb Code   220  stm32f1xx_hal_tim.o(i.HAL_TIM_ConfigClockSource)
    HAL_TIM_IC_CaptureCallback               0x08001ad1   Thumb Code     2  stm32f1xx_hal_tim.o(i.HAL_TIM_IC_CaptureCallback)
    HAL_TIM_IRQHandler                       0x08001ad3   Thumb Code   304  stm32f1xx_hal_tim.o(i.HAL_TIM_IRQHandler)
    HAL_TIM_MspPostInit                      0x08001c05   Thumb Code    82  tim.o(i.HAL_TIM_MspPostInit)
    HAL_TIM_OC_DelayElapsedCallback          0x08001c65   Thumb Code     2  stm32f1xx_hal_tim.o(i.HAL_TIM_OC_DelayElapsedCallback)
    HAL_TIM_PWM_ConfigChannel                0x08001c67   Thumb Code   204  stm32f1xx_hal_tim.o(i.HAL_TIM_PWM_ConfigChannel)
    HAL_TIM_PWM_Init                         0x08001d33   Thumb Code    90  stm32f1xx_hal_tim.o(i.HAL_TIM_PWM_Init)
    HAL_TIM_PWM_MspInit                      0x08001d8d   Thumb Code     2  stm32f1xx_hal_tim.o(i.HAL_TIM_PWM_MspInit)
    HAL_TIM_PWM_PulseFinishedCallback        0x08001d8f   Thumb Code     2  stm32f1xx_hal_tim.o(i.HAL_TIM_PWM_PulseFinishedCallback)
    HAL_TIM_PWM_Start                        0x08001d91   Thumb Code   144  stm32f1xx_hal_tim.o(i.HAL_TIM_PWM_Start)
    HAL_TIM_PeriodElapsedCallback            0x08001e2d   Thumb Code   178  interrupt.o(i.HAL_TIM_PeriodElapsedCallback)
    HAL_TIM_TriggerCallback                  0x08001efd   Thumb Code     2  stm32f1xx_hal_tim.o(i.HAL_TIM_TriggerCallback)
    HAL_UARTEx_RxEventCallback               0x08001eff   Thumb Code     2  stm32f1xx_hal_uart.o(i.HAL_UARTEx_RxEventCallback)
    HAL_UART_ErrorCallback                   0x08001f01   Thumb Code     2  stm32f1xx_hal_uart.o(i.HAL_UART_ErrorCallback)
    HAL_UART_IRQHandler                      0x08001f05   Thumb Code   616  stm32f1xx_hal_uart.o(i.HAL_UART_IRQHandler)
    HAL_UART_Init                            0x08002171   Thumb Code   100  stm32f1xx_hal_uart.o(i.HAL_UART_Init)
    HAL_UART_MspInit                         0x080021d5   Thumb Code   156  usart.o(i.HAL_UART_MspInit)
    HAL_UART_RxCpltCallback                  0x08002285   Thumb Code     2  stm32f1xx_hal_uart.o(i.HAL_UART_RxCpltCallback)
    HAL_UART_Transmit_DMA                    0x08002289   Thumb Code   106  stm32f1xx_hal_uart.o(i.HAL_UART_Transmit_DMA)
    HAL_UART_TxCpltCallback                  0x08002301   Thumb Code     2  stm32f1xx_hal_uart.o(i.HAL_UART_TxCpltCallback)
    HAL_UART_TxHalfCpltCallback              0x08002303   Thumb Code     2  stm32f1xx_hal_uart.o(i.HAL_UART_TxHalfCpltCallback)
    HardFault_Handler                        0x08002305   Thumb Code     2  stm32f1xx_it.o(i.HardFault_Handler)
    Init_BH1750                              0x08002307   Thumb Code    26  bh1750.o(i.Init_BH1750)
    LightPIDCalculate                        0x08002321   Thumb Code   198  motor.o(i.LightPIDCalculate)
    LightSetPWM                              0x080023ed   Thumb Code    42  motor.o(i.LightSetPWM)
    MX_CAN_Init                              0x08002429   Thumb Code    74  can.o(i.MX_CAN_Init)
    MX_DMA_Init                              0x0800247d   Thumb Code    40  dma.o(i.MX_DMA_Init)
    MX_GPIO_Init                             0x080024a9   Thumb Code   160  gpio.o(i.MX_GPIO_Init)
    MX_TIM2_Init                             0x08002555   Thumb Code   146  tim.o(i.MX_TIM2_Init)
    MX_TIM4_Init                             0x080025ed   Thumb Code    96  tim.o(i.MX_TIM4_Init)
    MX_USART1_UART_Init                      0x08002655   Thumb Code    48  usart.o(i.MX_USART1_UART_Init)
    MemManage_Handler                        0x0800268d   Thumb Code     2  stm32f1xx_it.o(i.MemManage_Handler)
    NMI_Handler                              0x0800268f   Thumb Code     2  stm32f1xx_it.o(i.NMI_Handler)
    OLED_Clear                               0x08002691   Thumb Code    38  oled.o(i.OLED_Clear)
    OLED_I2C_Init                            0x080026b9   Thumb Code    80  oled.o(i.OLED_I2C_Init)
    OLED_I2C_SendByte                        0x08002711   Thumb Code    78  oled.o(i.OLED_I2C_SendByte)
    OLED_I2C_Start                           0x08002765   Thumb Code    48  oled.o(i.OLED_I2C_Start)
    OLED_I2C_Stop                            0x08002799   Thumb Code    38  oled.o(i.OLED_I2C_Stop)
    OLED_Init                                0x080027c5   Thumb Code   172  oled.o(i.OLED_Init)
    OLED_Pow                                 0x08002871   Thumb Code    14  oled.o(i.OLED_Pow)
    OLED_SetCursor                           0x0800287f   Thumb Code    34  oled.o(i.OLED_SetCursor)
    OLED_ShowChar                            0x080028a1   Thumb Code    98  oled.o(i.OLED_ShowChar)
    OLED_ShowHexNum                          0x08002909   Thumb Code    68  oled.o(i.OLED_ShowHexNum)
    OLED_ShowString                          0x0800294d   Thumb Code    38  oled.o(i.OLED_ShowString)
    OLED_WriteCommand                        0x08002973   Thumb Code    34  oled.o(i.OLED_WriteCommand)
    OLED_WriteData                           0x08002995   Thumb Code    34  oled.o(i.OLED_WriteData)
    OLED_mode                                0x080029b9   Thumb Code    38  interrupt.o(i.OLED_mode)
    PIDParameterInit                         0x080029f5   Thumb Code    26  motor.o(i.PIDParameterInit)
    PendSV_Handler                           0x08002a1d   Thumb Code     2  stm32f1xx_it.o(i.PendSV_Handler)
    SVC_Handler                              0x08002a1f   Thumb Code     2  stm32f1xx_it.o(i.SVC_Handler)
    Single_Write_BH1750                      0x08002a21   Thumb Code    28  bh1750.o(i.Single_Write_BH1750)
    SysTick_Handler                          0x08002a3d   Thumb Code     4  stm32f1xx_it.o(i.SysTick_Handler)
    SystemClock_Config                       0x08002a41   Thumb Code    94  main.o(i.SystemClock_Config)
    SystemInit                               0x08002a9f   Thumb Code     2  system_stm32f1xx.o(i.SystemInit)
    TIM4_IRQHandler                          0x08002aa1   Thumb Code     6  stm32f1xx_it.o(i.TIM4_IRQHandler)
    TIM_Base_SetConfig                       0x08002aad   Thumb Code   108  stm32f1xx_hal_tim.o(i.TIM_Base_SetConfig)
    TIM_CCxChannelCmd                        0x08002b25   Thumb Code    26  stm32f1xx_hal_tim.o(i.TIM_CCxChannelCmd)
    TIM_ETR_SetConfig                        0x08002b3f   Thumb Code    20  stm32f1xx_hal_tim.o(i.TIM_ETR_SetConfig)
    TIM_OC2_SetConfig                        0x08002bb5   Thumb Code    84  stm32f1xx_hal_tim.o(i.TIM_OC2_SetConfig)
    USART1_IRQHandler                        0x08002f79   Thumb Code     6  stm32f1xx_it.o(i.USART1_IRQHandler)
    USB_LP_CAN1_RX0_IRQHandler               0x08002f85   Thumb Code     6  stm32f1xx_it.o(i.USB_LP_CAN1_RX0_IRQHandler)
    UsageFault_Handler                       0x08002f91   Thumb Code     2  stm32f1xx_it.o(i.UsageFault_Handler)
    VS4Channal_Send                          0x08002f95   Thumb Code    72  visual_scope.o(i.VS4Channal_Send)
    Value_GY30                               0x08002fe1   Thumb Code    58  bh1750.o(i.Value_GY30)
    delay_nus                                0x08003045   Thumb Code   154  bh1750.o(i.delay_nus)
    main                                     0x080030e1   Thumb Code   108  main.o(i.main)
    mread                                    0x08003169   Thumb Code    58  bh1750.o(i.mread)
    __aeabi_ddiv                             0x080031a9   Thumb Code     0  ddiv.o(x$fpl$ddiv)
    _ddiv                                    0x080031a9   Thumb Code   552  ddiv.o(x$fpl$ddiv)
    __aeabi_d2uiz                            0x08003459   Thumb Code     0  dfixu.o(x$fpl$dfixu)
    _dfixu                                   0x08003459   Thumb Code    90  dfixu.o(x$fpl$dfixu)
    __aeabi_i2d                              0x080034b3   Thumb Code     0  dflt_clz.o(x$fpl$dflt)
    _dflt                                    0x080034b3   Thumb Code    46  dflt_clz.o(x$fpl$dflt)
    __aeabi_ui2d                             0x080034e1   Thumb Code     0  dflt_clz.o(x$fpl$dfltu)
    _dfltu                                   0x080034e1   Thumb Code    38  dflt_clz.o(x$fpl$dfltu)
    __aeabi_dmul                             0x08003509   Thumb Code     0  dmul.o(x$fpl$dmul)
    _dmul                                    0x08003509   Thumb Code   332  dmul.o(x$fpl$dmul)
    __fpl_dnaninf                            0x0800365d   Thumb Code   156  dnaninf.o(x$fpl$dnaninf)
    __fpl_dretinf                            0x080036f9   Thumb Code    12  dretinf.o(x$fpl$dretinf)
    __aeabi_fadd                             0x08003705   Thumb Code     0  faddsub_clz.o(x$fpl$fadd)
    _fadd                                    0x08003705   Thumb Code   196  faddsub_clz.o(x$fpl$fadd)
    __fpl_fcmp_Inf                           0x080037c9   Thumb Code    24  fcmpi.o(x$fpl$fcmpinf)
    __aeabi_f2iz                             0x080037e1   Thumb Code     0  ffix.o(x$fpl$ffix)
    _ffix                                    0x080037e1   Thumb Code    54  ffix.o(x$fpl$ffix)
    __aeabi_i2f                              0x08003819   Thumb Code     0  fflt_clz.o(x$fpl$fflt)
    _fflt                                    0x08003819   Thumb Code    48  fflt_clz.o(x$fpl$fflt)
    __aeabi_cfcmple                          0x08003849   Thumb Code     0  fleqf.o(x$fpl$fleqf)
    _fcmple                                  0x08003849   Thumb Code   104  fleqf.o(x$fpl$fleqf)
    __fpl_fcmple_InfNaN                      0x0800389b   Thumb Code     0  fleqf.o(x$fpl$fleqf)
    __aeabi_fmul                             0x080038b1   Thumb Code     0  fmul.o(x$fpl$fmul)
    _fmul                                    0x080038b1   Thumb Code   258  fmul.o(x$fpl$fmul)
    __fpl_fnaninf                            0x080039b3   Thumb Code   140  fnaninf.o(x$fpl$fnaninf)
    __fpl_fretinf                            0x08003a3f   Thumb Code    10  fretinf.o(x$fpl$fretinf)
    __aeabi_cfrcmple                         0x08003a49   Thumb Code     0  frleqf.o(x$fpl$frleqf)
    _frcmple                                 0x08003a49   Thumb Code    98  frleqf.o(x$fpl$frleqf)
    __aeabi_fsub                             0x08003aad   Thumb Code     0  faddsub_clz.o(x$fpl$fsub)
    _fsub                                    0x08003aad   Thumb Code   234  faddsub_clz.o(x$fpl$fsub)
    __I$use$fp                               0x08003b96   Number         0  usenofp.o(x$fpl$usenofp)
    AHBPrescTable                            0x08003ba8   Data          16  system_stm32f1xx.o(.constdata)
    APBPrescTable                            0x08003bb8   Data           8  system_stm32f1xx.o(.constdata)
    OLED_F8x16                               0x08003bc0   Data        1520  oled.o(.constdata)
    Region$$Table$$Base                      0x080041b0   Number         0  anon$$obj.o(Region$$Table)
    Region$$Table$$Limit                     0x080041d0   Number         0  anon$$obj.o(Region$$Table)
    uwTickFreq                               0x20000000   Data           1  stm32f1xx_hal.o(.data)
    uwTickPrio                               0x20000004   Data           4  stm32f1xx_hal.o(.data)
    uwTick                                   0x20000008   Data           4  stm32f1xx_hal.o(.data)
    SystemCoreClock                          0x2000000c   Data           4  system_stm32f1xx.o(.data)
    Led_Cnt                                  0x20000010   Data           2  interrupt.o(.data)
    Visualscope_Cnt                          0x20000012   Data           2  interrupt.o(.data)
    Encoder_Cnt                              0x20000014   Data           2  interrupt.o(.data)
    Counter                                  0x20000018   Data           4  interrupt.o(.data)
    LightRealValue                           0x2000001c   Data           8  motor.o(.data)
    LightSetValue                            0x20000024   Data           8  motor.o(.data)
    Mode_Motor                               0x2000002c   Data           1  motor.o(.data)
    mcy                                      0x2000002d   Data           1  bh1750.o(.data)
    BUF                                      0x2000002e   Data           3  bh1750.o(.data)
    hcan                                     0x20000034   Data          40  can.o(.bss)
    htim2                                    0x2000005c   Data          72  tim.o(.bss)
    htim4                                    0x200000a4   Data          72  tim.o(.bss)
    huart1                                   0x200000ec   Data          72  usart.o(.bss)
    hdma_usart1_tx                           0x20000134   Data          68  usart.o(.bss)
    LightLoop                                0x20000178   Data          60  motor.o(.bss)
    __libspace_start                         0x200001b4   Data          96  libspace.o(.bss)
    __temporary_stack_top$libspace           0x20000214   Data           0  libspace.o(.bss)



==============================================================================

Memory Map of the image

  Image Entry point : 0x080000ed

  Load Region LR_IROM1 (Base: 0x08000000, Size: 0x00004204, Max: 0x00010000, ABSOLUTE)

    Execution Region ER_IROM1 (Exec base: 0x08000000, Load base: 0x08000000, Size: 0x000041d0, Max: 0x00010000, ABSOLUTE)

    Exec Addr    Load Addr    Size         Type   Attr      Idx    E Section Name        Object

    0x08000000   0x08000000   0x000000ec   Data   RO            3    RESET               startup_stm32f103xb.o
    0x080000ec   0x080000ec   0x00000008   Code   RO         3593  * !!!main             c_w.l(__main.o)
    0x080000f4   0x080000f4   0x00000034   Code   RO         3799    !!!scatter          c_w.l(__scatter.o)
    0x08000128   0x08000128   0x0000001a   Code   RO         3801    !!handler_copy      c_w.l(__scatter_copy.o)
    0x08000142   0x08000142   0x00000002   PAD
    0x08000144   0x08000144   0x0000001c   Code   RO         3803    !!handler_zi        c_w.l(__scatter_zi.o)
    0x08000160   0x08000160   0x00000002   Code   RO         3669    .ARM.Collect$$libinit$$00000000  c_w.l(libinit.o)
    0x08000162   0x08000162   0x00000000   Code   RO         3676    .ARM.Collect$$libinit$$00000002  c_w.l(libinit2.o)
    0x08000162   0x08000162   0x00000000   Code   RO         3678    .ARM.Collect$$libinit$$00000004  c_w.l(libinit2.o)
    0x08000162   0x08000162   0x00000000   Code   RO         3681    .ARM.Collect$$libinit$$0000000A  c_w.l(libinit2.o)
    0x08000162   0x08000162   0x00000000   Code   RO         3683    .ARM.Collect$$libinit$$0000000C  c_w.l(libinit2.o)
    0x08000162   0x08000162   0x00000000   Code   RO         3685    .ARM.Collect$$libinit$$0000000E  c_w.l(libinit2.o)
    0x08000162   0x08000162   0x00000000   Code   RO         3688    .ARM.Collect$$libinit$$00000011  c_w.l(libinit2.o)
    0x08000162   0x08000162   0x00000000   Code   RO         3690    .ARM.Collect$$libinit$$00000013  c_w.l(libinit2.o)
    0x08000162   0x08000162   0x00000000   Code   RO         3692    .ARM.Collect$$libinit$$00000015  c_w.l(libinit2.o)
    0x08000162   0x08000162   0x00000000   Code   RO         3694    .ARM.Collect$$libinit$$00000017  c_w.l(libinit2.o)
    0x08000162   0x08000162   0x00000000   Code   RO         3696    .ARM.Collect$$libinit$$00000019  c_w.l(libinit2.o)
    0x08000162   0x08000162   0x00000000   Code   RO         3698    .ARM.Collect$$libinit$$0000001B  c_w.l(libinit2.o)
    0x08000162   0x08000162   0x00000000   Code   RO         3700    .ARM.Collect$$libinit$$0000001D  c_w.l(libinit2.o)
    0x08000162   0x08000162   0x00000000   Code   RO         3702    .ARM.Collect$$libinit$$0000001F  c_w.l(libinit2.o)
    0x08000162   0x08000162   0x00000000   Code   RO         3704    .ARM.Collect$$libinit$$00000021  c_w.l(libinit2.o)
    0x08000162   0x08000162   0x00000000   Code   RO         3706    .ARM.Collect$$libinit$$00000023  c_w.l(libinit2.o)
    0x08000162   0x08000162   0x00000000   Code   RO         3708    .ARM.Collect$$libinit$$00000025  c_w.l(libinit2.o)
    0x08000162   0x08000162   0x00000000   Code   RO         3712    .ARM.Collect$$libinit$$0000002C  c_w.l(libinit2.o)
    0x08000162   0x08000162   0x00000000   Code   RO         3714    .ARM.Collect$$libinit$$0000002E  c_w.l(libinit2.o)
    0x08000162   0x08000162   0x00000000   Code   RO         3716    .ARM.Collect$$libinit$$00000030  c_w.l(libinit2.o)
    0x08000162   0x08000162   0x00000000   Code   RO         3718    .ARM.Collect$$libinit$$00000032  c_w.l(libinit2.o)
    0x08000162   0x08000162   0x00000002   Code   RO         3719    .ARM.Collect$$libinit$$00000033  c_w.l(libinit2.o)
    0x08000164   0x08000164   0x00000002   Code   RO         3739    .ARM.Collect$$libshutdown$$00000000  c_w.l(libshutdown.o)
    0x08000166   0x08000166   0x00000000   Code   RO         3752    .ARM.Collect$$libshutdown$$00000002  c_w.l(libshutdown2.o)
    0x08000166   0x08000166   0x00000000   Code   RO         3754    .ARM.Collect$$libshutdown$$00000004  c_w.l(libshutdown2.o)
    0x08000166   0x08000166   0x00000000   Code   RO         3757    .ARM.Collect$$libshutdown$$00000007  c_w.l(libshutdown2.o)
    0x08000166   0x08000166   0x00000000   Code   RO         3760    .ARM.Collect$$libshutdown$$0000000A  c_w.l(libshutdown2.o)
    0x08000166   0x08000166   0x00000000   Code   RO         3762    .ARM.Collect$$libshutdown$$0000000C  c_w.l(libshutdown2.o)
    0x08000166   0x08000166   0x00000000   Code   RO         3765    .ARM.Collect$$libshutdown$$0000000F  c_w.l(libshutdown2.o)
    0x08000166   0x08000166   0x00000002   Code   RO         3766    .ARM.Collect$$libshutdown$$00000010  c_w.l(libshutdown2.o)
    0x08000168   0x08000168   0x00000000   Code   RO         3633    .ARM.Collect$$rtentry$$00000000  c_w.l(__rtentry.o)
    0x08000168   0x08000168   0x00000000   Code   RO         3646    .ARM.Collect$$rtentry$$00000002  c_w.l(__rtentry2.o)
    0x08000168   0x08000168   0x00000006   Code   RO         3658    .ARM.Collect$$rtentry$$00000004  c_w.l(__rtentry4.o)
    0x0800016e   0x0800016e   0x00000000   Code   RO         3648    .ARM.Collect$$rtentry$$00000009  c_w.l(__rtentry2.o)
    0x0800016e   0x0800016e   0x00000004   Code   RO         3649    .ARM.Collect$$rtentry$$0000000A  c_w.l(__rtentry2.o)
    0x08000172   0x08000172   0x00000000   Code   RO         3651    .ARM.Collect$$rtentry$$0000000C  c_w.l(__rtentry2.o)
    0x08000172   0x08000172   0x00000008   Code   RO         3652    .ARM.Collect$$rtentry$$0000000D  c_w.l(__rtentry2.o)
    0x0800017a   0x0800017a   0x00000002   Code   RO         3673    .ARM.Collect$$rtexit$$00000000  c_w.l(rtexit.o)
    0x0800017c   0x0800017c   0x00000000   Code   RO         3721    .ARM.Collect$$rtexit$$00000002  c_w.l(rtexit2.o)
    0x0800017c   0x0800017c   0x00000004   Code   RO         3722    .ARM.Collect$$rtexit$$00000003  c_w.l(rtexit2.o)
    0x08000180   0x08000180   0x00000006   Code   RO         3723    .ARM.Collect$$rtexit$$00000004  c_w.l(rtexit2.o)
    0x08000186   0x08000186   0x00000002   PAD
    0x08000188   0x08000188   0x00000040   Code   RO            4    .text               startup_stm32f103xb.o
    0x080001c8   0x080001c8   0x0000004e   Code   RO         3589    .text               c_w.l(rt_memclr_w.o)
    0x08000216   0x08000216   0x00000006   Code   RO         3591    .text               c_w.l(heapauxi.o)
    0x0800021c   0x0800021c   0x0000004a   Code   RO         3660    .text               c_w.l(sys_stackheap_outer.o)
    0x08000266   0x08000266   0x00000012   Code   RO         3662    .text               c_w.l(exit.o)
    0x08000278   0x08000278   0x00000008   Code   RO         3670    .text               c_w.l(libspace.o)
    0x08000280   0x08000280   0x0000000c   Code   RO         3731    .text               c_w.l(sys_exit.o)
    0x0800028c   0x0800028c   0x00000002   Code   RO         3742    .text               c_w.l(use_no_semi.o)
    0x0800028e   0x0800028e   0x00000000   Code   RO         3744    .text               c_w.l(indicate_semi.o)
    0x0800028e   0x0800028e   0x00000002   PAD
    0x08000290   0x08000290   0x0000006c   Code   RO         3496    i.BH1750_RecvACK    bh1750.o
    0x080002fc   0x080002fc   0x00000078   Code   RO         3497    i.BH1750_RecvByte   bh1750.o
    0x08000374   0x08000374   0x00000058   Code   RO         3498    i.BH1750_SendACK    bh1750.o
    0x080003cc   0x080003cc   0x00000054   Code   RO         3499    i.BH1750_SendByte   bh1750.o
    0x08000420   0x08000420   0x00000040   Code   RO         3500    i.BH1750_Start      bh1750.o
    0x08000460   0x08000460   0x00000038   Code   RO         3501    i.BH1750_Stop       bh1750.o
    0x08000498   0x08000498   0x00000002   Code   RO          364    i.BusFault_Handler  stm32f1xx_it.o
    0x0800049a   0x0800049a   0x00000002   PAD
    0x0800049c   0x0800049c   0x00000064   Code   RO         3461    i.CAN_ZERO          com.o
    0x08000500   0x08000500   0x00000034   Code   RO         3266    i.CRC_CHECK         visual_scope.o
    0x08000534   0x08000534   0x00000044   Code   RO         3462    i.CanFilter_Config  com.o
    0x08000578   0x08000578   0x0000000c   Code   RO          365    i.DMA1_Channel4_IRQHandler  stm32f1xx_it.o
    0x08000584   0x08000584   0x0000002a   Code   RO         1138    i.DMA_SetConfig     stm32f1xx_hal_dma.o
    0x080005ae   0x080005ae   0x00000002   Code   RO          366    i.DebugMon_Handler  stm32f1xx_it.o
    0x080005b0   0x080005b0   0x00000016   Code   RO         3502    i.Delay_mms         bh1750.o
    0x080005c6   0x080005c6   0x00000004   Code   RO           13    i.Error_Handler     main.o
    0x080005ca   0x080005ca   0x00000024   Code   RO          525    i.HAL_CAN_ActivateNotification  stm32f1xx_hal_can.o
    0x080005ee   0x080005ee   0x000000bc   Code   RO          526    i.HAL_CAN_AddTxMessage  stm32f1xx_hal_can.o
    0x080006aa   0x080006aa   0x00000002   PAD
    0x080006ac   0x080006ac   0x000000ee   Code   RO          527    i.HAL_CAN_ConfigFilter  stm32f1xx_hal_can.o
    0x0800079a   0x0800079a   0x00000002   Code   RO          530    i.HAL_CAN_ErrorCallback  stm32f1xx_hal_can.o
    0x0800079c   0x0800079c   0x000000f4   Code   RO          533    i.HAL_CAN_GetRxMessage  stm32f1xx_hal_can.o
    0x08000890   0x08000890   0x000001fc   Code   RO          537    i.HAL_CAN_IRQHandler  stm32f1xx_hal_can.o
    0x08000a8c   0x08000a8c   0x0000011a   Code   RO          538    i.HAL_CAN_Init      stm32f1xx_hal_can.o
    0x08000ba6   0x08000ba6   0x00000002   PAD
    0x08000ba8   0x08000ba8   0x00000094   Code   RO          203    i.HAL_CAN_MspInit   can.o
    0x08000c3c   0x08000c3c   0x00000002   Code   RO          545    i.HAL_CAN_RxFifo0FullCallback  stm32f1xx_hal_can.o
    0x08000c3e   0x08000c3e   0x00000002   PAD
    0x08000c40   0x08000c40   0x00000074   Code   RO         3109    i.HAL_CAN_RxFifo0MsgPendingCallback  interrupt.o
    0x08000cb4   0x08000cb4   0x00000002   Code   RO          547    i.HAL_CAN_RxFifo1FullCallback  stm32f1xx_hal_can.o
    0x08000cb6   0x08000cb6   0x00000002   Code   RO          548    i.HAL_CAN_RxFifo1MsgPendingCallback  stm32f1xx_hal_can.o
    0x08000cb8   0x08000cb8   0x00000002   Code   RO          549    i.HAL_CAN_SleepCallback  stm32f1xx_hal_can.o
    0x08000cba   0x08000cba   0x00000002   PAD
    0x08000cbc   0x08000cbc   0x00000058   Code   RO          550    i.HAL_CAN_Start     stm32f1xx_hal_can.o
    0x08000d14   0x08000d14   0x00000002   Code   RO          552    i.HAL_CAN_TxMailbox0AbortCallback  stm32f1xx_hal_can.o
    0x08000d16   0x08000d16   0x00000002   Code   RO          553    i.HAL_CAN_TxMailbox0CompleteCallback  stm32f1xx_hal_can.o
    0x08000d18   0x08000d18   0x00000002   Code   RO          554    i.HAL_CAN_TxMailbox1AbortCallback  stm32f1xx_hal_can.o
    0x08000d1a   0x08000d1a   0x00000002   Code   RO          555    i.HAL_CAN_TxMailbox1CompleteCallback  stm32f1xx_hal_can.o
    0x08000d1c   0x08000d1c   0x00000002   Code   RO          556    i.HAL_CAN_TxMailbox2AbortCallback  stm32f1xx_hal_can.o
    0x08000d1e   0x08000d1e   0x00000002   Code   RO          557    i.HAL_CAN_TxMailbox2CompleteCallback  stm32f1xx_hal_can.o
    0x08000d20   0x08000d20   0x00000002   Code   RO          559    i.HAL_CAN_WakeUpFromRxMsgCallback  stm32f1xx_hal_can.o
    0x08000d22   0x08000d22   0x00000046   Code   RO         1139    i.HAL_DMA_Abort     stm32f1xx_hal_dma.o
    0x08000d68   0x08000d68   0x00000098   Code   RO         1140    i.HAL_DMA_Abort_IT  stm32f1xx_hal_dma.o
    0x08000e00   0x08000e00   0x00000154   Code   RO         1144    i.HAL_DMA_IRQHandler  stm32f1xx_hal_dma.o
    0x08000f54   0x08000f54   0x0000005c   Code   RO         1145    i.HAL_DMA_Init      stm32f1xx_hal_dma.o
    0x08000fb0   0x08000fb0   0x00000070   Code   RO         1149    i.HAL_DMA_Start_IT  stm32f1xx_hal_dma.o
    0x08001020   0x08001020   0x00000024   Code   RO          765    i.HAL_Delay         stm32f1xx_hal.o
    0x08001044   0x08001044   0x000001e0   Code   RO         1075    i.HAL_GPIO_Init     stm32f1xx_hal_gpio.o
    0x08001224   0x08001224   0x0000000a   Code   RO         1077    i.HAL_GPIO_ReadPin  stm32f1xx_hal_gpio.o
    0x0800122e   0x0800122e   0x00000010   Code   RO         1078    i.HAL_GPIO_TogglePin  stm32f1xx_hal_gpio.o
    0x0800123e   0x0800123e   0x0000000a   Code   RO         1079    i.HAL_GPIO_WritePin  stm32f1xx_hal_gpio.o
    0x08001248   0x08001248   0x0000000c   Code   RO          769    i.HAL_GetTick       stm32f1xx_hal.o
    0x08001254   0x08001254   0x00000010   Code   RO          775    i.HAL_IncTick       stm32f1xx_hal.o
    0x08001264   0x08001264   0x00000024   Code   RO          776    i.HAL_Init          stm32f1xx_hal.o
    0x08001288   0x08001288   0x00000040   Code   RO          777    i.HAL_InitTick      stm32f1xx_hal.o
    0x080012c8   0x080012c8   0x0000003c   Code   RO          464    i.HAL_MspInit       stm32f1xx_hal_msp.o
    0x08001304   0x08001304   0x0000001a   Code   RO         1235    i.HAL_NVIC_EnableIRQ  stm32f1xx_hal_cortex.o
    0x0800131e   0x0800131e   0x00000002   PAD
    0x08001320   0x08001320   0x00000040   Code   RO         1241    i.HAL_NVIC_SetPriority  stm32f1xx_hal_cortex.o
    0x08001360   0x08001360   0x00000024   Code   RO         1242    i.HAL_NVIC_SetPriorityGrouping  stm32f1xx_hal_cortex.o
    0x08001384   0x08001384   0x0000012c   Code   RO          933    i.HAL_RCC_ClockConfig  stm32f1xx_hal_rcc.o
    0x080014b0   0x080014b0   0x00000020   Code   RO          940    i.HAL_RCC_GetPCLK1Freq  stm32f1xx_hal_rcc.o
    0x080014d0   0x080014d0   0x00000020   Code   RO          941    i.HAL_RCC_GetPCLK2Freq  stm32f1xx_hal_rcc.o
    0x080014f0   0x080014f0   0x0000004c   Code   RO          942    i.HAL_RCC_GetSysClockFreq  stm32f1xx_hal_rcc.o
    0x0800153c   0x0800153c   0x00000320   Code   RO          945    i.HAL_RCC_OscConfig  stm32f1xx_hal_rcc.o
    0x0800185c   0x0800185c   0x00000028   Code   RO         1246    i.HAL_SYSTICK_Config  stm32f1xx_hal_cortex.o
    0x08001884   0x08001884   0x00000002   Code   RO         2441    i.HAL_TIMEx_BreakCallback  stm32f1xx_hal_tim_ex.o
    0x08001886   0x08001886   0x00000002   Code   RO         2442    i.HAL_TIMEx_CommutCallback  stm32f1xx_hal_tim_ex.o
    0x08001888   0x08001888   0x00000068   Code   RO         2460    i.HAL_TIMEx_MasterConfigSynchronization  stm32f1xx_hal_tim_ex.o
    0x080018f0   0x080018f0   0x0000005a   Code   RO         1737    i.HAL_TIM_Base_Init  stm32f1xx_hal_tim.o
    0x0800194a   0x0800194a   0x00000002   PAD
    0x0800194c   0x0800194c   0x00000050   Code   RO          269    i.HAL_TIM_Base_MspInit  tim.o
    0x0800199c   0x0800199c   0x00000058   Code   RO         1742    i.HAL_TIM_Base_Start_IT  stm32f1xx_hal_tim.o
    0x080019f4   0x080019f4   0x000000dc   Code   RO         1746    i.HAL_TIM_ConfigClockSource  stm32f1xx_hal_tim.o
    0x08001ad0   0x08001ad0   0x00000002   Code   RO         1771    i.HAL_TIM_IC_CaptureCallback  stm32f1xx_hal_tim.o
    0x08001ad2   0x08001ad2   0x00000130   Code   RO         1785    i.HAL_TIM_IRQHandler  stm32f1xx_hal_tim.o
    0x08001c02   0x08001c02   0x00000002   PAD
    0x08001c04   0x08001c04   0x00000060   Code   RO          270    i.HAL_TIM_MspPostInit  tim.o
    0x08001c64   0x08001c64   0x00000002   Code   RO         1788    i.HAL_TIM_OC_DelayElapsedCallback  stm32f1xx_hal_tim.o
    0x08001c66   0x08001c66   0x000000cc   Code   RO         1809    i.HAL_TIM_PWM_ConfigChannel  stm32f1xx_hal_tim.o
    0x08001d32   0x08001d32   0x0000005a   Code   RO         1812    i.HAL_TIM_PWM_Init  stm32f1xx_hal_tim.o
    0x08001d8c   0x08001d8c   0x00000002   Code   RO         1814    i.HAL_TIM_PWM_MspInit  stm32f1xx_hal_tim.o
    0x08001d8e   0x08001d8e   0x00000002   Code   RO         1815    i.HAL_TIM_PWM_PulseFinishedCallback  stm32f1xx_hal_tim.o
    0x08001d90   0x08001d90   0x0000009c   Code   RO         1817    i.HAL_TIM_PWM_Start  stm32f1xx_hal_tim.o
    0x08001e2c   0x08001e2c   0x000000d0   Code   RO         3110    i.HAL_TIM_PeriodElapsedCallback  interrupt.o
    0x08001efc   0x08001efc   0x00000002   Code   RO         1828    i.HAL_TIM_TriggerCallback  stm32f1xx_hal_tim.o
    0x08001efe   0x08001efe   0x00000002   Code   RO         2720    i.HAL_UARTEx_RxEventCallback  stm32f1xx_hal_uart.o
    0x08001f00   0x08001f00   0x00000002   Code   RO         2734    i.HAL_UART_ErrorCallback  stm32f1xx_hal_uart.o
    0x08001f02   0x08001f02   0x00000002   PAD
    0x08001f04   0x08001f04   0x0000026c   Code   RO         2737    i.HAL_UART_IRQHandler  stm32f1xx_hal_uart.o
    0x08002170   0x08002170   0x00000064   Code   RO         2738    i.HAL_UART_Init     stm32f1xx_hal_uart.o
    0x080021d4   0x080021d4   0x000000b0   Code   RO          323    i.HAL_UART_MspInit  usart.o
    0x08002284   0x08002284   0x00000002   Code   RO         2744    i.HAL_UART_RxCpltCallback  stm32f1xx_hal_uart.o
    0x08002286   0x08002286   0x00000002   PAD
    0x08002288   0x08002288   0x00000078   Code   RO         2747    i.HAL_UART_Transmit_DMA  stm32f1xx_hal_uart.o
    0x08002300   0x08002300   0x00000002   Code   RO         2749    i.HAL_UART_TxCpltCallback  stm32f1xx_hal_uart.o
    0x08002302   0x08002302   0x00000002   Code   RO         2750    i.HAL_UART_TxHalfCpltCallback  stm32f1xx_hal_uart.o
    0x08002304   0x08002304   0x00000002   Code   RO          367    i.HardFault_Handler  stm32f1xx_it.o
    0x08002306   0x08002306   0x0000001a   Code   RO         3503    i.Init_BH1750       bh1750.o
    0x08002320   0x08002320   0x000000cc   Code   RO         3296    i.LightPIDCalculate  motor.o
    0x080023ec   0x080023ec   0x0000003c   Code   RO         3297    i.LightSetPWM       motor.o
    0x08002428   0x08002428   0x00000054   Code   RO          204    i.MX_CAN_Init       can.o
    0x0800247c   0x0800247c   0x0000002c   Code   RO          244    i.MX_DMA_Init       dma.o
    0x080024a8   0x080024a8   0x000000ac   Code   RO          178    i.MX_GPIO_Init      gpio.o
    0x08002554   0x08002554   0x00000098   Code   RO          271    i.MX_TIM2_Init      tim.o
    0x080025ec   0x080025ec   0x00000068   Code   RO          272    i.MX_TIM4_Init      tim.o
    0x08002654   0x08002654   0x00000038   Code   RO          324    i.MX_USART1_UART_Init  usart.o
    0x0800268c   0x0800268c   0x00000002   Code   RO          368    i.MemManage_Handler  stm32f1xx_it.o
    0x0800268e   0x0800268e   0x00000002   Code   RO          369    i.NMI_Handler       stm32f1xx_it.o
    0x08002690   0x08002690   0x00000026   Code   RO         3345    i.OLED_Clear        oled.o
    0x080026b6   0x080026b6   0x00000002   PAD
    0x080026b8   0x080026b8   0x00000058   Code   RO         3346    i.OLED_I2C_Init     oled.o
    0x08002710   0x08002710   0x00000054   Code   RO         3347    i.OLED_I2C_SendByte  oled.o
    0x08002764   0x08002764   0x00000034   Code   RO         3348    i.OLED_I2C_Start    oled.o
    0x08002798   0x08002798   0x0000002c   Code   RO         3349    i.OLED_I2C_Stop     oled.o
    0x080027c4   0x080027c4   0x000000ac   Code   RO         3350    i.OLED_Init         oled.o
    0x08002870   0x08002870   0x0000000e   Code   RO         3351    i.OLED_Pow          oled.o
    0x0800287e   0x0800287e   0x00000022   Code   RO         3352    i.OLED_SetCursor    oled.o
    0x080028a0   0x080028a0   0x00000068   Code   RO         3354    i.OLED_ShowChar     oled.o
    0x08002908   0x08002908   0x00000044   Code   RO         3355    i.OLED_ShowHexNum   oled.o
    0x0800294c   0x0800294c   0x00000026   Code   RO         3358    i.OLED_ShowString   oled.o
    0x08002972   0x08002972   0x00000022   Code   RO         3359    i.OLED_WriteCommand  oled.o
    0x08002994   0x08002994   0x00000022   Code   RO         3360    i.OLED_WriteData    oled.o
    0x080029b6   0x080029b6   0x00000002   PAD
    0x080029b8   0x080029b8   0x0000003c   Code   RO         3111    i.OLED_mode         interrupt.o
    0x080029f4   0x080029f4   0x00000028   Code   RO         3298    i.PIDParameterInit  motor.o
    0x08002a1c   0x08002a1c   0x00000002   Code   RO          370    i.PendSV_Handler    stm32f1xx_it.o
    0x08002a1e   0x08002a1e   0x00000002   Code   RO          371    i.SVC_Handler       stm32f1xx_it.o
    0x08002a20   0x08002a20   0x0000001c   Code   RO         3504    i.Single_Write_BH1750  bh1750.o
    0x08002a3c   0x08002a3c   0x00000004   Code   RO          372    i.SysTick_Handler   stm32f1xx_it.o
    0x08002a40   0x08002a40   0x0000005e   Code   RO           14    i.SystemClock_Config  main.o
    0x08002a9e   0x08002a9e   0x00000002   Code   RO         3072    i.SystemInit        system_stm32f1xx.o
    0x08002aa0   0x08002aa0   0x0000000c   Code   RO          373    i.TIM4_IRQHandler   stm32f1xx_it.o
    0x08002aac   0x08002aac   0x00000078   Code   RO         1830    i.TIM_Base_SetConfig  stm32f1xx_hal_tim.o
    0x08002b24   0x08002b24   0x0000001a   Code   RO         1831    i.TIM_CCxChannelCmd  stm32f1xx_hal_tim.o
    0x08002b3e   0x08002b3e   0x00000014   Code   RO         1841    i.TIM_ETR_SetConfig  stm32f1xx_hal_tim.o
    0x08002b52   0x08002b52   0x00000010   Code   RO         1842    i.TIM_ITRx_SetConfig  stm32f1xx_hal_tim.o
    0x08002b62   0x08002b62   0x00000002   PAD
    0x08002b64   0x08002b64   0x00000050   Code   RO         1843    i.TIM_OC1_SetConfig  stm32f1xx_hal_tim.o
    0x08002bb4   0x08002bb4   0x00000058   Code   RO         1844    i.TIM_OC2_SetConfig  stm32f1xx_hal_tim.o
    0x08002c0c   0x08002c0c   0x00000058   Code   RO         1845    i.TIM_OC3_SetConfig  stm32f1xx_hal_tim.o
    0x08002c64   0x08002c64   0x00000044   Code   RO         1846    i.TIM_OC4_SetConfig  stm32f1xx_hal_tim.o
    0x08002ca8   0x08002ca8   0x00000022   Code   RO         1848    i.TIM_TI1_ConfigInputStage  stm32f1xx_hal_tim.o
    0x08002cca   0x08002cca   0x00000024   Code   RO         1850    i.TIM_TI2_ConfigInputStage  stm32f1xx_hal_tim.o
    0x08002cee   0x08002cee   0x00000010   Code   RO         2751    i.UART_DMAAbortOnError  stm32f1xx_hal_uart.o
    0x08002cfe   0x08002cfe   0x0000004a   Code   RO         2752    i.UART_DMAError     stm32f1xx_hal_uart.o
    0x08002d48   0x08002d48   0x00000042   Code   RO         2757    i.UART_DMATransmitCplt  stm32f1xx_hal_uart.o
    0x08002d8a   0x08002d8a   0x0000000a   Code   RO         2759    i.UART_DMATxHalfCplt  stm32f1xx_hal_uart.o
    0x08002d94   0x08002d94   0x0000004e   Code   RO         2761    i.UART_EndRxTransfer  stm32f1xx_hal_uart.o
    0x08002de2   0x08002de2   0x0000001c   Code   RO         2762    i.UART_EndTxTransfer  stm32f1xx_hal_uart.o
    0x08002dfe   0x08002dfe   0x000000c2   Code   RO         2763    i.UART_Receive_IT   stm32f1xx_hal_uart.o
    0x08002ec0   0x08002ec0   0x000000b8   Code   RO         2764    i.UART_SetConfig    stm32f1xx_hal_uart.o
    0x08002f78   0x08002f78   0x0000000c   Code   RO          374    i.USART1_IRQHandler  stm32f1xx_it.o
    0x08002f84   0x08002f84   0x0000000c   Code   RO          375    i.USB_LP_CAN1_RX0_IRQHandler  stm32f1xx_it.o
    0x08002f90   0x08002f90   0x00000002   Code   RO          376    i.UsageFault_Handler  stm32f1xx_it.o
    0x08002f92   0x08002f92   0x00000002   PAD
    0x08002f94   0x08002f94   0x0000004c   Code   RO         3267    i.VS4Channal_Send   visual_scope.o
    0x08002fe0   0x08002fe0   0x00000044   Code   RO         3505    i.Value_GY30        bh1750.o
    0x08003024   0x08003024   0x00000020   Code   RO         1248    i.__NVIC_SetPriority  stm32f1xx_hal_cortex.o
    0x08003044   0x08003044   0x0000009a   Code   RO         3506    i.delay_nus         bh1750.o
    0x080030de   0x080030de   0x00000002   PAD
    0x080030e0   0x080030e0   0x00000088   Code   RO           15    i.main              main.o
    0x08003168   0x08003168   0x00000040   Code   RO         3507    i.mread             bh1750.o
    0x080031a8   0x080031a8   0x000002b0   Code   RO         3596    x$fpl$ddiv          fz_ws.l(ddiv.o)
    0x08003458   0x08003458   0x0000005a   Code   RO         3599    x$fpl$dfixu         fz_ws.l(dfixu.o)
    0x080034b2   0x080034b2   0x0000002e   Code   RO         3604    x$fpl$dflt          fz_ws.l(dflt_clz.o)
    0x080034e0   0x080034e0   0x00000026   Code   RO         3603    x$fpl$dfltu         fz_ws.l(dflt_clz.o)
    0x08003506   0x08003506   0x00000002   PAD
    0x08003508   0x08003508   0x00000154   Code   RO         3609    x$fpl$dmul          fz_ws.l(dmul.o)
    0x0800365c   0x0800365c   0x0000009c   Code   RO         3634    x$fpl$dnaninf       fz_ws.l(dnaninf.o)
    0x080036f8   0x080036f8   0x0000000c   Code   RO         3636    x$fpl$dretinf       fz_ws.l(dretinf.o)
    0x08003704   0x08003704   0x000000c4   Code   RO         3611    x$fpl$fadd          fz_ws.l(faddsub_clz.o)
    0x080037c8   0x080037c8   0x00000018   Code   RO         3638    x$fpl$fcmpinf       fz_ws.l(fcmpi.o)
    0x080037e0   0x080037e0   0x00000036   Code   RO         3617    x$fpl$ffix          fz_ws.l(ffix.o)
    0x08003816   0x08003816   0x00000002   PAD
    0x08003818   0x08003818   0x00000030   Code   RO         3622    x$fpl$fflt          fz_ws.l(fflt_clz.o)
    0x08003848   0x08003848   0x00000068   Code   RO         3627    x$fpl$fleqf         fz_ws.l(fleqf.o)
    0x080038b0   0x080038b0   0x00000102   Code   RO         3629    x$fpl$fmul          fz_ws.l(fmul.o)
    0x080039b2   0x080039b2   0x0000008c   Code   RO         3640    x$fpl$fnaninf       fz_ws.l(fnaninf.o)
    0x08003a3e   0x08003a3e   0x0000000a   Code   RO         3642    x$fpl$fretinf       fz_ws.l(fretinf.o)
    0x08003a48   0x08003a48   0x00000062   Code   RO         3631    x$fpl$frleqf        fz_ws.l(frleqf.o)
    0x08003aaa   0x08003aaa   0x00000002   PAD
    0x08003aac   0x08003aac   0x000000ea   Code   RO         3613    x$fpl$fsub          fz_ws.l(faddsub_clz.o)
    0x08003b96   0x08003b96   0x00000000   Code   RO         3644    x$fpl$usenofp       fz_ws.l(usenofp.o)
    0x08003b96   0x08003b96   0x00000012   Data   RO          946    .constdata          stm32f1xx_hal_rcc.o
    0x08003ba8   0x08003ba8   0x00000010   Data   RO         3073    .constdata          system_stm32f1xx.o
    0x08003bb8   0x08003bb8   0x00000008   Data   RO         3074    .constdata          system_stm32f1xx.o
    0x08003bc0   0x08003bc0   0x000005f0   Data   RO         3361    .constdata          oled.o
    0x080041b0   0x080041b0   0x00000020   Data   RO         3797    Region$$Table       anon$$obj.o


    Execution Region RW_IRAM1 (Exec base: 0x20000000, Load base: 0x080041d0, Size: 0x00000818, Max: 0x00005000, ABSOLUTE)

    Exec Addr    Load Addr    Size         Type   Attr      Idx    E Section Name        Object

    0x20000000   0x080041d0   0x0000000c   Data   RW          783    .data               stm32f1xx_hal.o
    0x2000000c   0x080041dc   0x00000004   Data   RW         3075    .data               system_stm32f1xx.o
    0x20000010   0x080041e0   0x0000000c   Data   RW         3112    .data               interrupt.o
    0x2000001c   0x080041ec   0x00000008   Data   RW         3300    .data               motor.o
    0x20000024   0x080041f4   0x00000008   Data   RW         3301    .data               motor.o
    0x2000002c   0x080041fc   0x00000001   Data   RW         3302    .data               motor.o
    0x2000002d   0x080041fd   0x00000004   Data   RW         3508    .data               bh1750.o
    0x20000031   0x08004201   0x00000003   PAD
    0x20000034        -       0x00000028   Zero   RW          205    .bss                can.o
    0x2000005c        -       0x00000090   Zero   RW          273    .bss                tim.o
    0x200000ec        -       0x0000008c   Zero   RW          325    .bss                usart.o
    0x20000178        -       0x0000003c   Zero   RW         3299    .bss                motor.o
    0x200001b4        -       0x00000060   Zero   RW         3671    .bss                c_w.l(libspace.o)
    0x20000214   0x08004201   0x00000004   PAD
    0x20000218        -       0x00000200   Zero   RW            2    HEAP                startup_stm32f103xb.o
    0x20000418        -       0x00000400   Zero   RW            1    STACK               startup_stm32f103xb.o


==============================================================================

Image component sizes


      Code (inc. data)   RO Data    RW Data    ZI Data      Debug   Object Name

       882         54          0          4          0       7040   bh1750.o
       232         28          0          0         40       1671   can.o
       168         16          0          0          0       1142   com.o
        44          4          0          0          0        734   dma.o
       172         12          0          0          0        947   gpio.o
       384         60          0         12          0     390045   interrupt.o
       234         28          0          0          0     437960   main.o
       304         38          0         17         60       2881   motor.o
       804         30       1520          0          0       8422   oled.o
        64         26        236          0       1536        800   startup_stm32f103xb.o
       164         28          0         12          0       5813   stm32f1xx_hal.o
      1608          0          0          0          0      13467   stm32f1xx_hal_can.o
       198         14          0          0          0      28875   stm32f1xx_hal_cortex.o
       808         36          0          0          0       4910   stm32f1xx_hal_dma.o
       516         34          0          0          0       4072   stm32f1xx_hal_gpio.o
        60          8          0          0          0        854   stm32f1xx_hal_msp.o
      1240         84         18          0          0       5044   stm32f1xx_hal_rcc.o
      1738         56          0          0          0      15850   stm32f1xx_hal_tim.o
       108         12          0          0          0       2357   stm32f1xx_hal_tim_ex.o
      1500         24          0          0          0      11446   stm32f1xx_hal_uart.o
        68         24          0          0          0       5492   stm32f1xx_it.o
         2          0         24          4          0       1083   system_stm32f1xx.o
       432         36          0          0        144       2985   tim.o
       232         28          0          0        140       1733   usart.o
       128          4          0          0          0       1494   visual_scope.o

    ----------------------------------------------------------------------
     12120        684       1830         52       1920     957117   Object Totals
         0          0         32          0          0          0   (incl. Generated)
        30          0          0          3          0          0   (incl. Padding)

    ----------------------------------------------------------------------

      Code (inc. data)   RO Data    RW Data    ZI Data      Debug   Library Member Name

         8          0          0          0          0         68   __main.o
         0          0          0          0          0          0   __rtentry.o
        12          0          0          0          0          0   __rtentry2.o
         6          0          0          0          0          0   __rtentry4.o
        52          8          0          0          0          0   __scatter.o
        26          0          0          0          0          0   __scatter_copy.o
        28          0          0          0          0          0   __scatter_zi.o
        18          0          0          0          0         80   exit.o
         6          0          0          0          0        152   heapauxi.o
         0          0          0          0          0          0   indicate_semi.o
         2          0          0          0          0          0   libinit.o
         2          0          0          0          0          0   libinit2.o
         2          0          0          0          0          0   libshutdown.o
         2          0          0          0          0          0   libshutdown2.o
         8          4          0          0         96         68   libspace.o
        78          0          0          0          0         80   rt_memclr_w.o
         2          0          0          0          0          0   rtexit.o
        10          0          0          0          0          0   rtexit2.o
        12          4          0          0          0         68   sys_exit.o
        74          0          0          0          0         80   sys_stackheap_outer.o
         2          0          0          0          0         68   use_no_semi.o
       688        140          0          0          0        208   ddiv.o
        90          4          0          0          0         92   dfixu.o
        84          0          0          0          0        136   dflt_clz.o
       340         12          0          0          0        104   dmul.o
       156          4          0          0          0         92   dnaninf.o
        12          0          0          0          0         68   dretinf.o
       430          8          0          0          0        168   faddsub_clz.o
        24          0          0          0          0         68   fcmpi.o
        54          4          0          0          0         84   ffix.o
        48          0          0          0          0         68   fflt_clz.o
       104          4          0          0          0         84   fleqf.o
       258          4          0          0          0         84   fmul.o
       140          4          0          0          0         84   fnaninf.o
        10          0          0          0          0         68   fretinf.o
        98          0          0          0          0         68   frleqf.o
         0          0          0          0          0          0   usenofp.o

    ----------------------------------------------------------------------
      2898        200          0          0        100       2140   Library Totals
        12          0          0          0          4          0   (incl. Padding)

    ----------------------------------------------------------------------

      Code (inc. data)   RO Data    RW Data    ZI Data      Debug   Library Name

       350         16          0          0         96        664   c_w.l
      2536        184          0          0          0       1476   fz_ws.l

    ----------------------------------------------------------------------
      2898        200          0          0        100       2140   Library Totals

    ----------------------------------------------------------------------

==============================================================================


      Code (inc. data)   RO Data    RW Data    ZI Data      Debug   

     15018        884       1830         52       2020     950725   Grand Totals
     15018        884       1830         52       2020     950725   ELF Image Totals
     15018        884       1830         52          0          0   ROM Totals

==============================================================================

    Total RO  Size (Code + RO Data)                16848 (  16.45kB)
    Total RW  Size (RW Data + ZI Data)              2072 (   2.02kB)
    Total ROM Size (Code + RO Data + RW Data)      16900 (  16.50kB)

==============================================================================

